Archive member included because of file (symbol)

c:/winavr-20100110/bin/../lib/gcc/avr/4.3.3/avrxmega5\libgcc.a(_exit.o)
                              c:/winavr-20100110/bin/../lib/gcc/avr/4.3.3/../../../../avr/lib/avrxmega5/crtx64a1.o (exit)
c:/winavr-20100110/bin/../lib/gcc/avr/4.3.3/avrxmega5\libgcc.a(_clear_bss.o)
                              HardwareTestM.o (__do_clear_bss)
c:/winavr-20100110/bin/../lib/gcc/avr/4.3.3/../../../../avr/lib/avrxmega5\libc.a(iob.o)
                              HardwareTestM.o (__iob)
c:/winavr-20100110/bin/../lib/gcc/avr/4.3.3/../../../../avr/lib/avrxmega5\libc.a(printf.o)
                              HardwareTestM.o (printf)
c:/winavr-20100110/bin/../lib/gcc/avr/4.3.3/../../../../avr/lib/avrxmega5\libc.a(puts.o)
                              HardwareTestM.o (puts)
c:/winavr-20100110/bin/../lib/gcc/avr/4.3.3/../../../../avr/lib/avrxmega5\libc.a(vfprintf_std.o)
                              c:/winavr-20100110/bin/../lib/gcc/avr/4.3.3/../../../../avr/lib/avrxmega5\libc.a(printf.o) (vfprintf)
c:/winavr-20100110/bin/../lib/gcc/avr/4.3.3/../../../../avr/lib/avrxmega5\libc.a(strnlen_P.o)
                              c:/winavr-20100110/bin/../lib/gcc/avr/4.3.3/../../../../avr/lib/avrxmega5\libc.a(vfprintf_std.o) (strnlen_P)
c:/winavr-20100110/bin/../lib/gcc/avr/4.3.3/../../../../avr/lib/avrxmega5\libc.a(strnlen.o)
                              c:/winavr-20100110/bin/../lib/gcc/avr/4.3.3/../../../../avr/lib/avrxmega5\libc.a(vfprintf_std.o) (strnlen)
c:/winavr-20100110/bin/../lib/gcc/avr/4.3.3/../../../../avr/lib/avrxmega5\libc.a(fputc.o)
                              c:/winavr-20100110/bin/../lib/gcc/avr/4.3.3/../../../../avr/lib/avrxmega5\libc.a(vfprintf_std.o) (fputc)
c:/winavr-20100110/bin/../lib/gcc/avr/4.3.3/../../../../avr/lib/avrxmega5\libc.a(ultoa_invert.o)
                              c:/winavr-20100110/bin/../lib/gcc/avr/4.3.3/../../../../avr/lib/avrxmega5\libc.a(vfprintf_std.o) (__ultoa_invert)

Allocating common symbols
Common symbol       size              file

uart_fifo_rx        0x204             HardwareTestM.o
count_down          0x2               HardwareTestM.o
RxFrame             0xa0              HardwareTestM.o
ms                  0x2               HardwareTestM.o
RF_PHY_STATUS       0x1               HardwareTestM.o
time_out            0x2               HardwareTestM.o
APP_ST              0x1               HardwareTestM.o
print_timer         0x2               HardwareTestM.o
PLL_LOCK_CP         0x1               HardwareTestM.o
uart_fifo_tx        0x204             HardwareTestM.o
HELP_MSG            0x1               HardwareTestM.o
__iob               0x6               c:/winavr-20100110/bin/../lib/gcc/avr/4.3.3/../../../../avr/lib/avrxmega5\libc.a(iob.o)

Memory Configuration

Name             Origin             Length             Attributes
text             0x00000000         0x00100000         xr
data             0x00802000         0x0000ffa0         rw !x
eeprom           0x00810000         0x00010000         rw !x
fuse             0x00820000         0x00000400         rw !x
lock             0x00830000         0x00000400         rw !x
signature        0x00840000         0x00000400         rw !x
*default*        0x00000000         0xffffffff

Linker script and memory map

LOAD c:/winavr-20100110/bin/../lib/gcc/avr/4.3.3/../../../../avr/lib/avrxmega5/crtx64a1.o
LOAD HardwareTestM.o
LOAD c:/winavr-20100110/bin/../lib/gcc/avr/4.3.3/avrxmega5\libgcc.a
LOAD c:/winavr-20100110/bin/../lib/gcc/avr/4.3.3/../../../../avr/lib/avrxmega5\libc.a
LOAD c:/winavr-20100110/bin/../lib/gcc/avr/4.3.3/avrxmega5\libgcc.a

.hash
 *(.hash)

.dynsym
 *(.dynsym)

.dynstr
 *(.dynstr)

.gnu.version
 *(.gnu.version)

.gnu.version_d
 *(.gnu.version_d)

.gnu.version_r
 *(.gnu.version_r)

.rel.init
 *(.rel.init)

.rela.init
 *(.rela.init)

.rel.text
 *(.rel.text)
 *(.rel.text.*)
 *(.rel.gnu.linkonce.t*)

.rela.text
 *(.rela.text)
 *(.rela.text.*)
 *(.rela.gnu.linkonce.t*)

.rel.fini
 *(.rel.fini)

.rela.fini
 *(.rela.fini)

.rel.rodata
 *(.rel.rodata)
 *(.rel.rodata.*)
 *(.rel.gnu.linkonce.r*)

.rela.rodata
 *(.rela.rodata)
 *(.rela.rodata.*)
 *(.rela.gnu.linkonce.r*)

.rel.data
 *(.rel.data)
 *(.rel.data.*)
 *(.rel.gnu.linkonce.d*)

.rela.data
 *(.rela.data)
 *(.rela.data.*)
 *(.rela.gnu.linkonce.d*)

.rel.ctors
 *(.rel.ctors)

.rela.ctors
 *(.rela.ctors)

.rel.dtors
 *(.rel.dtors)

.rela.dtors
 *(.rela.dtors)

.rel.got
 *(.rel.got)

.rela.got
 *(.rela.got)

.rel.bss
 *(.rel.bss)

.rela.bss
 *(.rela.bss)

.rel.plt
 *(.rel.plt)

.rela.plt
 *(.rela.plt)

.text           0x00000000     0x1952
 *(.vectors)
 .vectors       0x00000000      0x1f4 c:/winavr-20100110/bin/../lib/gcc/avr/4.3.3/../../../../avr/lib/avrxmega5/crtx64a1.o
                0x00000000                __vectors
                0x00000000                __vector_default
 *(.vectors)
 *(.progmem.gcc*)
 *(.progmem*)
                0x000001f4                . = ALIGN (0x2)
                0x000001f4                __trampolines_start = .
 *(.trampolines)
 .trampolines   0x000001f4        0x0 linker stubs
 *(.trampolines*)
                0x000001f4                __trampolines_end = .
 *(.jumptables)
 *(.jumptables*)
 *(.lowtext)
 *(.lowtext*)
                0x000001f4                __ctors_start = .
 *(.ctors)
                0x000001f4                __ctors_end = .
                0x000001f4                __dtors_start = .
 *(.dtors)
                0x000001f4                __dtors_end = .
 SORT(*)(.ctors)
 SORT(*)(.dtors)
 *(.init0)
 .init0         0x000001f4        0x0 c:/winavr-20100110/bin/../lib/gcc/avr/4.3.3/../../../../avr/lib/avrxmega5/crtx64a1.o
                0x000001f4                __init
 *(.init0)
 *(.init1)
 *(.init1)
 *(.init2)
 .init2         0x000001f4       0x14 c:/winavr-20100110/bin/../lib/gcc/avr/4.3.3/../../../../avr/lib/avrxmega5/crtx64a1.o
 *(.init2)
 *(.init3)
 *(.init3)
 *(.init4)
 .init4         0x00000208       0x1c c:/winavr-20100110/bin/../lib/gcc/avr/4.3.3/../../../../avr/lib/avrxmega5/crtx64a1.o
                0x00000208                __do_copy_data
 .init4         0x00000224       0x10 c:/winavr-20100110/bin/../lib/gcc/avr/4.3.3/avrxmega5\libgcc.a(_clear_bss.o)
                0x00000224                __do_clear_bss
 *(.init4)
 *(.init5)
 *(.init5)
 *(.init6)
 *(.init6)
 *(.init7)
 *(.init7)
 *(.init8)
 *(.init8)
 *(.init9)
 .init9         0x00000234        0x8 c:/winavr-20100110/bin/../lib/gcc/avr/4.3.3/../../../../avr/lib/avrxmega5/crtx64a1.o
 *(.init9)
 *(.text)
 .text          0x0000023c        0x4 c:/winavr-20100110/bin/../lib/gcc/avr/4.3.3/../../../../avr/lib/avrxmega5/crtx64a1.o
                0x0000023c                __vector_38
                0x0000023c                __vector_104
                0x0000023c                __vector_63
                0x0000023c                __vector_28
                0x0000023c                __vector_67
                0x0000023c                __vector_1
                0x0000023c                __vector_119
                0x0000023c                __vector_32
                0x0000023c                __vector_75
                0x0000023c                __vector_71
                0x0000023c                __vector_91
                0x0000023c                __vector_34
                0x0000023c                __vector_62
                0x0000023c                __vector_77
                0x0000023c                __vector_102
                0x0000023c                __vector_24
                0x0000023c                __vector_12
                0x0000023c                __vector_55
                0x0000023c                __vector_69
                0x0000023c                __vector_81
                0x0000023c                __vector_90
                0x0000023c                __vector_46
                0x0000023c                __bad_interrupt
                0x0000023c                __vector_122
                0x0000023c                __vector_72
                0x0000023c                __vector_114
                0x0000023c                __vector_6
                0x0000023c                __vector_110
                0x0000023c                __vector_31
                0x0000023c                __vector_92
                0x0000023c                __vector_35
                0x0000023c                __vector_78
                0x0000023c                __vector_74
                0x0000023c                __vector_117
                0x0000023c                __vector_39
                0x0000023c                __vector_107
                0x0000023c                __vector_3
                0x0000023c                __vector_105
                0x0000023c                __vector_98
                0x0000023c                __vector_23
                0x0000023c                __vector_68
                0x0000023c                __vector_30
                0x0000023c                __vector_73
                0x0000023c                __vector_45
                0x0000023c                __vector_25
                0x0000023c                __vector_93
                0x0000023c                __vector_61
                0x0000023c                __vector_11
                0x0000023c                __vector_54
                0x0000023c                __vector_99
                0x0000023c                __vector_13
                0x0000023c                __vector_17
                0x0000023c                __vector_19
                0x0000023c                __vector_56
                0x0000023c                __vector_7
                0x0000023c                __vector_49
                0x0000023c                __vector_123
                0x0000023c                __vector_41
                0x0000023c                __vector_86
                0x0000023c                __vector_100
                0x0000023c                __vector_101
                0x0000023c                __vector_64
                0x0000023c                __vector_88
                0x0000023c                __vector_109
                0x0000023c                __vector_43
                0x0000023c                __vector_27
                0x0000023c                __vector_5
                0x0000023c                __vector_113
                0x0000023c                __vector_33
                0x0000023c                __vector_76
                0x0000023c                __vector_115
                0x0000023c                __vector_47
                0x0000023c                __vector_52
                0x0000023c                __vector_37
                0x0000023c                __vector_95
                0x0000023c                __vector_103
                0x0000023c                __vector_96
                0x0000023c                __vector_89
                0x0000023c                __vector_108
                0x0000023c                __vector_4
                0x0000023c                __vector_44
                0x0000023c                __vector_82
                0x0000023c                __vector_106
                0x0000023c                __vector_118
                0x0000023c                __vector_51
                0x0000023c                __vector_9
                0x0000023c                __vector_2
                0x0000023c                __vector_21
                0x0000023c                __vector_15
                0x0000023c                __vector_66
                0x0000023c                __vector_36
                0x0000023c                __vector_79
                0x0000023c                __vector_58
                0x0000023c                __vector_70
                0x0000023c                __vector_83
                0x0000023c                __vector_29
                0x0000023c                __vector_60
                0x0000023c                __vector_121
                0x0000023c                __vector_40
                0x0000023c                __vector_85
                0x0000023c                __vector_94
                0x0000023c                __vector_8
                0x0000023c                __vector_26
                0x0000023c                __vector_48
                0x0000023c                __vector_124
                0x0000023c                __vector_116
                0x0000023c                __vector_112
                0x0000023c                __vector_111
                0x0000023c                __vector_80
                0x0000023c                __vector_14
                0x0000023c                __vector_84
                0x0000023c                __vector_57
                0x0000023c                __vector_53
                0x0000023c                __vector_10
                0x0000023c                __vector_50
                0x0000023c                __vector_16
                0x0000023c                __vector_59
                0x0000023c                __vector_18
                0x0000023c                __vector_97
                0x0000023c                __vector_20
                0x0000023c                __vector_42
                0x0000023c                __vector_87
                0x0000023c                __vector_65
                0x0000023c                __vector_120
 .text          0x00000240     0x1140 HardwareTestM.o
                0x00000240                __vector_22
                0x00000568                wcp_getchar
                0x00000774                IRQ_Handler
                0x000004e6                InsertFIFO
                0x00000548                ExtractFIFO
                0x00001052                RFApp
                0x000002d2                SPIRegWrite
                0x00000996                ReadID
                0x00000af8                ResetRF
                0x000005a2                uart_task
                0x0000060a                PrintFrame
                0x00000c16                ParseCH
                0x0000131e                main
                0x00000a04                InitMCU
                0x0000087a                PrintHelpMessage
                0x000005f0                RFInit
                0x0000042c                SPIFrameRead
                0x00000326                SPIRegRead
                0x0000037e                SPIFrameWrite
 .text          0x00001380        0x0 c:/winavr-20100110/bin/../lib/gcc/avr/4.3.3/avrxmega5\libgcc.a(_exit.o)
 .text          0x00001380        0x0 c:/winavr-20100110/bin/../lib/gcc/avr/4.3.3/avrxmega5\libgcc.a(_clear_bss.o)
 .text          0x00001380        0x0 c:/winavr-20100110/bin/../lib/gcc/avr/4.3.3/../../../../avr/lib/avrxmega5\libc.a(iob.o)
 .text          0x00001380        0x0 c:/winavr-20100110/bin/../lib/gcc/avr/4.3.3/../../../../avr/lib/avrxmega5\libc.a(printf.o)
 .text          0x00001380        0x0 c:/winavr-20100110/bin/../lib/gcc/avr/4.3.3/../../../../avr/lib/avrxmega5\libc.a(puts.o)
 .text          0x00001380        0x0 c:/winavr-20100110/bin/../lib/gcc/avr/4.3.3/../../../../avr/lib/avrxmega5\libc.a(vfprintf_std.o)
 .text          0x00001380        0x0 c:/winavr-20100110/bin/../lib/gcc/avr/4.3.3/../../../../avr/lib/avrxmega5\libc.a(strnlen_P.o)
 .text          0x00001380        0x0 c:/winavr-20100110/bin/../lib/gcc/avr/4.3.3/../../../../avr/lib/avrxmega5\libc.a(strnlen.o)
 .text          0x00001380        0x0 c:/winavr-20100110/bin/../lib/gcc/avr/4.3.3/../../../../avr/lib/avrxmega5\libc.a(fputc.o)
 .text          0x00001380        0x0 c:/winavr-20100110/bin/../lib/gcc/avr/4.3.3/../../../../avr/lib/avrxmega5\libc.a(ultoa_invert.o)
                0x00001380                . = ALIGN (0x2)
 *(.text.*)
 .text.libgcc   0x00001380        0x0 c:/winavr-20100110/bin/../lib/gcc/avr/4.3.3/avrxmega5\libgcc.a(_exit.o)
 .text.libgcc   0x00001380        0x0 c:/winavr-20100110/bin/../lib/gcc/avr/4.3.3/avrxmega5\libgcc.a(_clear_bss.o)
 .text.avr-libc
                0x00001380       0x24 c:/winavr-20100110/bin/../lib/gcc/avr/4.3.3/../../../../avr/lib/avrxmega5\libc.a(printf.o)
                0x00001380                printf
 .text.avr-libc
                0x000013a4       0x6a c:/winavr-20100110/bin/../lib/gcc/avr/4.3.3/../../../../avr/lib/avrxmega5\libc.a(puts.o)
                0x000013a4                puts
 .text.avr-libc
                0x0000140e      0x400 c:/winavr-20100110/bin/../lib/gcc/avr/4.3.3/../../../../avr/lib/avrxmega5\libc.a(vfprintf_std.o)
                0x0000140e                vfprintf
 .text.avr-libc
                0x0000180e       0x16 c:/winavr-20100110/bin/../lib/gcc/avr/4.3.3/../../../../avr/lib/avrxmega5\libc.a(strnlen_P.o)
                0x0000180e                strnlen_P
 .text.avr-libc
                0x00001824       0x16 c:/winavr-20100110/bin/../lib/gcc/avr/4.3.3/../../../../avr/lib/avrxmega5\libc.a(strnlen.o)
                0x00001824                strnlen
 .text.avr-libc
                0x0000183a       0x58 c:/winavr-20100110/bin/../lib/gcc/avr/4.3.3/../../../../avr/lib/avrxmega5\libc.a(fputc.o)
                0x0000183a                fputc
 .text.avr-libc
                0x00001892       0xbc c:/winavr-20100110/bin/../lib/gcc/avr/4.3.3/../../../../avr/lib/avrxmega5\libc.a(ultoa_invert.o)
                0x00001892                __ultoa_invert
                0x0000194e                . = ALIGN (0x2)
 *(.fini9)
 .fini9         0x0000194e        0x0 c:/winavr-20100110/bin/../lib/gcc/avr/4.3.3/avrxmega5\libgcc.a(_exit.o)
                0x0000194e                exit
                0x0000194e                _exit
 *(.fini9)
 *(.fini8)
 *(.fini8)
 *(.fini7)
 *(.fini7)
 *(.fini6)
 *(.fini6)
 *(.fini5)
 *(.fini5)
 *(.fini4)
 *(.fini4)
 *(.fini3)
 *(.fini3)
 *(.fini2)
 *(.fini2)
 *(.fini1)
 *(.fini1)
 *(.fini0)
 .fini0         0x0000194e        0x4 c:/winavr-20100110/bin/../lib/gcc/avr/4.3.3/avrxmega5\libgcc.a(_exit.o)
 *(.fini0)
                0x00001952                _etext = .

.data           0x00802000      0x428 load address 0x00001952
                0x00802000                PROVIDE (__data_start, .)
 *(.data)
 .data          0x00802000        0x0 c:/winavr-20100110/bin/../lib/gcc/avr/4.3.3/../../../../avr/lib/avrxmega5/crtx64a1.o
 .data          0x00802000      0x427 HardwareTestM.o
                0x00802405                Frame
 .data          0x00802427        0x0 c:/winavr-20100110/bin/../lib/gcc/avr/4.3.3/avrxmega5\libgcc.a(_exit.o)
 .data          0x00802427        0x0 c:/winavr-20100110/bin/../lib/gcc/avr/4.3.3/avrxmega5\libgcc.a(_clear_bss.o)
 .data          0x00802427        0x0 c:/winavr-20100110/bin/../lib/gcc/avr/4.3.3/../../../../avr/lib/avrxmega5\libc.a(iob.o)
 .data          0x00802427        0x0 c:/winavr-20100110/bin/../lib/gcc/avr/4.3.3/../../../../avr/lib/avrxmega5\libc.a(printf.o)
 .data          0x00802427        0x0 c:/winavr-20100110/bin/../lib/gcc/avr/4.3.3/../../../../avr/lib/avrxmega5\libc.a(puts.o)
 .data          0x00802427        0x0 c:/winavr-20100110/bin/../lib/gcc/avr/4.3.3/../../../../avr/lib/avrxmega5\libc.a(vfprintf_std.o)
 .data          0x00802427        0x0 c:/winavr-20100110/bin/../lib/gcc/avr/4.3.3/../../../../avr/lib/avrxmega5\libc.a(strnlen_P.o)
 .data          0x00802427        0x0 c:/winavr-20100110/bin/../lib/gcc/avr/4.3.3/../../../../avr/lib/avrxmega5\libc.a(strnlen.o)
 .data          0x00802427        0x0 c:/winavr-20100110/bin/../lib/gcc/avr/4.3.3/../../../../avr/lib/avrxmega5\libc.a(fputc.o)
 .data          0x00802427        0x0 c:/winavr-20100110/bin/../lib/gcc/avr/4.3.3/../../../../avr/lib/avrxmega5\libc.a(ultoa_invert.o)
 *(.data*)
 *(.rodata)
 *(.rodata*)
 *(.gnu.linkonce.d*)
                0x00802428                . = ALIGN (0x2)
 *fill*         0x00802427        0x1 00
                0x00802428                _edata = .
                0x00802428                PROVIDE (__data_end, .)

.bss            0x00802428      0x4ba
                0x00802428                PROVIDE (__bss_start, .)
 *(.bss)
 .bss           0x00802428        0x0 c:/winavr-20100110/bin/../lib/gcc/avr/4.3.3/../../../../avr/lib/avrxmega5/crtx64a1.o
 .bss           0x00802428        0x0 HardwareTestM.o
 .bss           0x00802428        0x0 c:/winavr-20100110/bin/../lib/gcc/avr/4.3.3/avrxmega5\libgcc.a(_exit.o)
 .bss           0x00802428        0x0 c:/winavr-20100110/bin/../lib/gcc/avr/4.3.3/avrxmega5\libgcc.a(_clear_bss.o)
 .bss           0x00802428        0x0 c:/winavr-20100110/bin/../lib/gcc/avr/4.3.3/../../../../avr/lib/avrxmega5\libc.a(iob.o)
 .bss           0x00802428        0x0 c:/winavr-20100110/bin/../lib/gcc/avr/4.3.3/../../../../avr/lib/avrxmega5\libc.a(printf.o)
 .bss           0x00802428        0x0 c:/winavr-20100110/bin/../lib/gcc/avr/4.3.3/../../../../avr/lib/avrxmega5\libc.a(puts.o)
 .bss           0x00802428        0x0 c:/winavr-20100110/bin/../lib/gcc/avr/4.3.3/../../../../avr/lib/avrxmega5\libc.a(vfprintf_std.o)
 .bss           0x00802428        0x0 c:/winavr-20100110/bin/../lib/gcc/avr/4.3.3/../../../../avr/lib/avrxmega5\libc.a(strnlen_P.o)
 .bss           0x00802428        0x0 c:/winavr-20100110/bin/../lib/gcc/avr/4.3.3/../../../../avr/lib/avrxmega5\libc.a(strnlen.o)
 .bss           0x00802428        0x0 c:/winavr-20100110/bin/../lib/gcc/avr/4.3.3/../../../../avr/lib/avrxmega5\libc.a(fputc.o)
 .bss           0x00802428        0x0 c:/winavr-20100110/bin/../lib/gcc/avr/4.3.3/../../../../avr/lib/avrxmega5\libc.a(ultoa_invert.o)
 *(.bss*)
 *(COMMON)
 COMMON         0x00802428      0x4b4 HardwareTestM.o
                0x00802428                uart_fifo_rx
                0x0080262c                count_down
                0x0080262e                RxFrame
                0x008026ce                ms
                0x008026d0                RF_PHY_STATUS
                0x008026d1                time_out
                0x008026d3                APP_ST
                0x008026d4                print_timer
                0x008026d6                PLL_LOCK_CP
                0x008026d7                uart_fifo_tx
                0x008028db                HELP_MSG
 COMMON         0x008028dc        0x6 c:/winavr-20100110/bin/../lib/gcc/avr/4.3.3/../../../../avr/lib/avrxmega5\libc.a(iob.o)
                0x008028dc                __iob
                0x008028e2                PROVIDE (__bss_end, .)
                0x00001952                __data_load_start = LOADADDR (.data)
                0x00001d7a                __data_load_end = (__data_load_start + SIZEOF (.data))

.noinit         0x008028e2        0x0
                0x008028e2                PROVIDE (__noinit_start, .)
 *(.noinit*)
                0x008028e2                PROVIDE (__noinit_end, .)
                0x008028e2                _end = .
                0x008028e2                PROVIDE (__heap_start, .)

.eeprom         0x00810000        0x0
 *(.eeprom*)
                0x00810000                __eeprom_end = .

.fuse
 *(.fuse)
 *(.lfuse)
 *(.hfuse)
 *(.efuse)

.lock
 *(.lock*)

.signature
 *(.signature*)

.stab
 *(.stab)

.stabstr
 *(.stabstr)

.stab.excl
 *(.stab.excl)

.stab.exclstr
 *(.stab.exclstr)

.stab.index
 *(.stab.index)

.stab.indexstr
 *(.stab.indexstr)

.comment
 *(.comment)

.debug
 *(.debug)

.line
 *(.line)

.debug_srcinfo
 *(.debug_srcinfo)

.debug_sfnames
 *(.debug_sfnames)

.debug_aranges  0x00000000       0x20
 *(.debug_aranges)
 .debug_aranges
                0x00000000       0x20 HardwareTestM.o

.debug_pubnames
                0x00000000      0x1c7
 *(.debug_pubnames)
 .debug_pubnames
                0x00000000      0x1c7 HardwareTestM.o

.debug_info     0x00000000      0xef1
 *(.debug_info)
 .debug_info    0x00000000      0xef1 HardwareTestM.o
 *(.gnu.linkonce.wi.*)

.debug_abbrev   0x00000000      0x39b
 *(.debug_abbrev)
 .debug_abbrev  0x00000000      0x39b HardwareTestM.o

.debug_line     0x00000000      0xabb
 *(.debug_line)
 .debug_line    0x00000000      0xabb HardwareTestM.o

.debug_frame    0x00000000      0x150
 *(.debug_frame)
 .debug_frame   0x00000000      0x150 HardwareTestM.o

.debug_str      0x00000000      0x757
 *(.debug_str)
 .debug_str     0x00000000      0x757 HardwareTestM.o
                                0x7b9 (size before relaxing)

.debug_loc      0x00000000      0x2fa
 *(.debug_loc)
 .debug_loc     0x00000000      0x2fa HardwareTestM.o

.debug_macinfo
 *(.debug_macinfo)
OUTPUT(HardwareTestM.elf elf32-avr)
LOAD linker stubs
