Archive member included because of file (symbol)

c:/winavr-20100110/bin/../lib/gcc/avr/4.3.3/avrxmega5\libgcc.a(_exit.o)
                              c:/winavr-20100110/bin/../lib/gcc/avr/4.3.3/../../../../avr/lib/avrxmega5/crtx64a1.o (exit)
c:/winavr-20100110/bin/../lib/gcc/avr/4.3.3/avrxmega5\libgcc.a(_clear_bss.o)
                              pruebaTimer.o (__do_clear_bss)

Memory Configuration

Name             Origin             Length             Attributes
text             0x00000000         0x00100000         xr
data             0x00802000         0x0000ffa0         rw !x
eeprom           0x00810000         0x00010000         rw !x
fuse             0x00820000         0x00000400         rw !x
lock             0x00830000         0x00000400         rw !x
signature        0x00840000         0x00000400         rw !x
*default*        0x00000000         0xffffffff

Linker script and memory map

LOAD c:/winavr-20100110/bin/../lib/gcc/avr/4.3.3/../../../../avr/lib/avrxmega5/crtx64a1.o
LOAD pruebaTimer.o
LOAD c:/winavr-20100110/bin/../lib/gcc/avr/4.3.3/avrxmega5\libgcc.a
LOAD c:/winavr-20100110/bin/../lib/gcc/avr/4.3.3/../../../../avr/lib/avrxmega5\libc.a
LOAD c:/winavr-20100110/bin/../lib/gcc/avr/4.3.3/avrxmega5\libgcc.a

.hash
 *(.hash)

.dynsym
 *(.dynsym)

.dynstr
 *(.dynstr)

.gnu.version
 *(.gnu.version)

.gnu.version_d
 *(.gnu.version_d)

.gnu.version_r
 *(.gnu.version_r)

.rel.init
 *(.rel.init)

.rela.init
 *(.rela.init)

.rel.text
 *(.rel.text)
 *(.rel.text.*)
 *(.rel.gnu.linkonce.t*)

.rela.text
 *(.rela.text)
 *(.rela.text.*)
 *(.rela.gnu.linkonce.t*)

.rel.fini
 *(.rel.fini)

.rela.fini
 *(.rela.fini)

.rel.rodata
 *(.rel.rodata)
 *(.rel.rodata.*)
 *(.rel.gnu.linkonce.r*)

.rela.rodata
 *(.rela.rodata)
 *(.rela.rodata.*)
 *(.rela.gnu.linkonce.r*)

.rel.data
 *(.rel.data)
 *(.rel.data.*)
 *(.rel.gnu.linkonce.d*)

.rela.data
 *(.rela.data)
 *(.rela.data.*)
 *(.rela.gnu.linkonce.d*)

.rel.ctors
 *(.rel.ctors)

.rela.ctors
 *(.rela.ctors)

.rel.dtors
 *(.rel.dtors)

.rela.dtors
 *(.rela.dtors)

.rel.got
 *(.rel.got)

.rela.got
 *(.rela.got)

.rel.bss
 *(.rel.bss)

.rela.bss
 *(.rela.bss)

.rel.plt
 *(.rel.plt)

.rela.plt
 *(.rela.plt)

.text           0x00000000      0x32c
 *(.vectors)
 .vectors       0x00000000      0x1f4 c:/winavr-20100110/bin/../lib/gcc/avr/4.3.3/../../../../avr/lib/avrxmega5/crtx64a1.o
                0x00000000                __vectors
                0x00000000                __vector_default
 *(.vectors)
 *(.progmem.gcc*)
 *(.progmem*)
                0x000001f4                . = ALIGN (0x2)
                0x000001f4                __trampolines_start = .
 *(.trampolines)
 .trampolines   0x000001f4        0x0 linker stubs
 *(.trampolines*)
                0x000001f4                __trampolines_end = .
 *(.jumptables)
 *(.jumptables*)
 *(.lowtext)
 *(.lowtext*)
                0x000001f4                __ctors_start = .
 *(.ctors)
                0x000001f4                __ctors_end = .
                0x000001f4                __dtors_start = .
 *(.dtors)
                0x000001f4                __dtors_end = .
 SORT(*)(.ctors)
 SORT(*)(.dtors)
 *(.init0)
 .init0         0x000001f4        0x0 c:/winavr-20100110/bin/../lib/gcc/avr/4.3.3/../../../../avr/lib/avrxmega5/crtx64a1.o
                0x000001f4                __init
 *(.init0)
 *(.init1)
 *(.init1)
 *(.init2)
 .init2         0x000001f4       0x14 c:/winavr-20100110/bin/../lib/gcc/avr/4.3.3/../../../../avr/lib/avrxmega5/crtx64a1.o
 *(.init2)
 *(.init3)
 *(.init3)
 *(.init4)
 .init4         0x00000208       0x1c c:/winavr-20100110/bin/../lib/gcc/avr/4.3.3/../../../../avr/lib/avrxmega5/crtx64a1.o
                0x00000208                __do_copy_data
 .init4         0x00000224       0x10 c:/winavr-20100110/bin/../lib/gcc/avr/4.3.3/avrxmega5\libgcc.a(_clear_bss.o)
                0x00000224                __do_clear_bss
 *(.init4)
 *(.init5)
 *(.init5)
 *(.init6)
 *(.init6)
 *(.init7)
 *(.init7)
 *(.init8)
 *(.init8)
 *(.init9)
 .init9         0x00000234        0x8 c:/winavr-20100110/bin/../lib/gcc/avr/4.3.3/../../../../avr/lib/avrxmega5/crtx64a1.o
 *(.init9)
 *(.text)
 .text          0x0000023c        0x4 c:/winavr-20100110/bin/../lib/gcc/avr/4.3.3/../../../../avr/lib/avrxmega5/crtx64a1.o
                0x0000023c                __vector_38
                0x0000023c                __vector_104
                0x0000023c                __vector_63
                0x0000023c                __vector_28
                0x0000023c                __vector_67
                0x0000023c                __vector_1
                0x0000023c                __vector_119
                0x0000023c                __vector_32
                0x0000023c                __vector_75
                0x0000023c                __vector_71
                0x0000023c                __vector_91
                0x0000023c                __vector_34
                0x0000023c                __vector_62
                0x0000023c                __vector_77
                0x0000023c                __vector_102
                0x0000023c                __vector_24
                0x0000023c                __vector_12
                0x0000023c                __vector_55
                0x0000023c                __vector_69
                0x0000023c                __vector_81
                0x0000023c                __vector_90
                0x0000023c                __vector_46
                0x0000023c                __bad_interrupt
                0x0000023c                __vector_122
                0x0000023c                __vector_72
                0x0000023c                __vector_114
                0x0000023c                __vector_6
                0x0000023c                __vector_110
                0x0000023c                __vector_31
                0x0000023c                __vector_92
                0x0000023c                __vector_35
                0x0000023c                __vector_78
                0x0000023c                __vector_74
                0x0000023c                __vector_117
                0x0000023c                __vector_39
                0x0000023c                __vector_107
                0x0000023c                __vector_3
                0x0000023c                __vector_105
                0x0000023c                __vector_98
                0x0000023c                __vector_23
                0x0000023c                __vector_68
                0x0000023c                __vector_30
                0x0000023c                __vector_73
                0x0000023c                __vector_45
                0x0000023c                __vector_25
                0x0000023c                __vector_93
                0x0000023c                __vector_61
                0x0000023c                __vector_11
                0x0000023c                __vector_54
                0x0000023c                __vector_99
                0x0000023c                __vector_13
                0x0000023c                __vector_17
                0x0000023c                __vector_19
                0x0000023c                __vector_56
                0x0000023c                __vector_7
                0x0000023c                __vector_49
                0x0000023c                __vector_123
                0x0000023c                __vector_41
                0x0000023c                __vector_86
                0x0000023c                __vector_100
                0x0000023c                __vector_101
                0x0000023c                __vector_64
                0x0000023c                __vector_88
                0x0000023c                __vector_109
                0x0000023c                __vector_43
                0x0000023c                __vector_27
                0x0000023c                __vector_5
                0x0000023c                __vector_113
                0x0000023c                __vector_33
                0x0000023c                __vector_76
                0x0000023c                __vector_115
                0x0000023c                __vector_47
                0x0000023c                __vector_52
                0x0000023c                __vector_37
                0x0000023c                __vector_95
                0x0000023c                __vector_103
                0x0000023c                __vector_96
                0x0000023c                __vector_89
                0x0000023c                __vector_108
                0x0000023c                __vector_4
                0x0000023c                __vector_44
                0x0000023c                __vector_82
                0x0000023c                __vector_106
                0x0000023c                __vector_118
                0x0000023c                __vector_51
                0x0000023c                __vector_9
                0x0000023c                __vector_2
                0x0000023c                __vector_21
                0x0000023c                __vector_15
                0x0000023c                __vector_66
                0x0000023c                __vector_36
                0x0000023c                __vector_79
                0x0000023c                __vector_58
                0x0000023c                __vector_70
                0x0000023c                __vector_83
                0x0000023c                __vector_29
                0x0000023c                __vector_60
                0x0000023c                __vector_121
                0x0000023c                __vector_40
                0x0000023c                __vector_85
                0x0000023c                __vector_94
                0x0000023c                __vector_8
                0x0000023c                __vector_26
                0x0000023c                __vector_48
                0x0000023c                __vector_124
                0x0000023c                __vector_116
                0x0000023c                __vector_112
                0x0000023c                __vector_111
                0x0000023c                __vector_80
                0x0000023c                __vector_14
                0x0000023c                __vector_84
                0x0000023c                __vector_57
                0x0000023c                __vector_53
                0x0000023c                __vector_10
                0x0000023c                __vector_50
                0x0000023c                __vector_16
                0x0000023c                __vector_59
                0x0000023c                __vector_18
                0x0000023c                __vector_97
                0x0000023c                __vector_20
                0x0000023c                __vector_42
                0x0000023c                __vector_87
                0x0000023c                __vector_65
                0x0000023c                __vector_120
 .text          0x00000240       0xe8 pruebaTimer.o
                0x000002b0                __vector_22
                0x00000240                main
 .text          0x00000328        0x0 c:/winavr-20100110/bin/../lib/gcc/avr/4.3.3/avrxmega5\libgcc.a(_exit.o)
 .text          0x00000328        0x0 c:/winavr-20100110/bin/../lib/gcc/avr/4.3.3/avrxmega5\libgcc.a(_clear_bss.o)
                0x00000328                . = ALIGN (0x2)
 *(.text.*)
 .text.libgcc   0x00000328        0x0 c:/winavr-20100110/bin/../lib/gcc/avr/4.3.3/avrxmega5\libgcc.a(_exit.o)
 .text.libgcc   0x00000328        0x0 c:/winavr-20100110/bin/../lib/gcc/avr/4.3.3/avrxmega5\libgcc.a(_clear_bss.o)
                0x00000328                . = ALIGN (0x2)
 *(.fini9)
 .fini9         0x00000328        0x0 c:/winavr-20100110/bin/../lib/gcc/avr/4.3.3/avrxmega5\libgcc.a(_exit.o)
                0x00000328                exit
                0x00000328                _exit
 *(.fini9)
 *(.fini8)
 *(.fini8)
 *(.fini7)
 *(.fini7)
 *(.fini6)
 *(.fini6)
 *(.fini5)
 *(.fini5)
 *(.fini4)
 *(.fini4)
 *(.fini3)
 *(.fini3)
 *(.fini2)
 *(.fini2)
 *(.fini1)
 *(.fini1)
 *(.fini0)
 .fini0         0x00000328        0x4 c:/winavr-20100110/bin/../lib/gcc/avr/4.3.3/avrxmega5\libgcc.a(_exit.o)
 *(.fini0)
                0x0000032c                _etext = .

.data           0x00802000        0x0 load address 0x0000032c
                0x00802000                PROVIDE (__data_start, .)
 *(.data)
 .data          0x00802000        0x0 c:/winavr-20100110/bin/../lib/gcc/avr/4.3.3/../../../../avr/lib/avrxmega5/crtx64a1.o
 .data          0x00802000        0x0 pruebaTimer.o
 .data          0x00802000        0x0 c:/winavr-20100110/bin/../lib/gcc/avr/4.3.3/avrxmega5\libgcc.a(_exit.o)
 .data          0x00802000        0x0 c:/winavr-20100110/bin/../lib/gcc/avr/4.3.3/avrxmega5\libgcc.a(_clear_bss.o)
 *(.data*)
 *(.rodata)
 *(.rodata*)
 *(.gnu.linkonce.d*)
                0x00802000                . = ALIGN (0x2)
                0x00802000                _edata = .
                0x00802000                PROVIDE (__data_end, .)

.bss            0x00802000        0x8
                0x00802000                PROVIDE (__bss_start, .)
 *(.bss)
 .bss           0x00802000        0x0 c:/winavr-20100110/bin/../lib/gcc/avr/4.3.3/../../../../avr/lib/avrxmega5/crtx64a1.o
 .bss           0x00802000        0x8 pruebaTimer.o
                0x00802002                ms2
                0x00802000                ms
                0x00802006                cont
                0x00802004                sec
 .bss           0x00802008        0x0 c:/winavr-20100110/bin/../lib/gcc/avr/4.3.3/avrxmega5\libgcc.a(_exit.o)
 .bss           0x00802008        0x0 c:/winavr-20100110/bin/../lib/gcc/avr/4.3.3/avrxmega5\libgcc.a(_clear_bss.o)
 *(.bss*)
 *(COMMON)
                0x00802008                PROVIDE (__bss_end, .)
                0x0000032c                __data_load_start = LOADADDR (.data)
                0x0000032c                __data_load_end = (__data_load_start + SIZEOF (.data))

.noinit         0x00802008        0x0
                0x00802008                PROVIDE (__noinit_start, .)
 *(.noinit*)
                0x00802008                PROVIDE (__noinit_end, .)
                0x00802008                _end = .
                0x00802008                PROVIDE (__heap_start, .)

.eeprom         0x00810000        0x0
 *(.eeprom*)
                0x00810000                __eeprom_end = .

.fuse
 *(.fuse)
 *(.lfuse)
 *(.hfuse)
 *(.efuse)

.lock
 *(.lock*)

.signature
 *(.signature*)

.stab
 *(.stab)

.stabstr
 *(.stabstr)

.stab.excl
 *(.stab.excl)

.stab.exclstr
 *(.stab.exclstr)

.stab.index
 *(.stab.index)

.stab.indexstr
 *(.stab.indexstr)

.comment
 *(.comment)

.debug
 *(.debug)

.line
 *(.line)

.debug_srcinfo
 *(.debug_srcinfo)

.debug_sfnames
 *(.debug_sfnames)

.debug_aranges  0x00000000       0x20
 *(.debug_aranges)
 .debug_aranges
                0x00000000       0x20 pruebaTimer.o

.debug_pubnames
                0x00000000       0x4b
 *(.debug_pubnames)
 .debug_pubnames
                0x00000000       0x4b pruebaTimer.o

.debug_info     0x00000000      0x5e5
 *(.debug_info)
 .debug_info    0x00000000      0x5e5 pruebaTimer.o
 *(.gnu.linkonce.wi.*)

.debug_abbrev   0x00000000       0xe8
 *(.debug_abbrev)
 .debug_abbrev  0x00000000       0xe8 pruebaTimer.o

.debug_line     0x00000000      0x118
 *(.debug_line)
 .debug_line    0x00000000      0x118 pruebaTimer.o

.debug_frame    0x00000000       0x30
 *(.debug_frame)
 .debug_frame   0x00000000       0x30 pruebaTimer.o

.debug_str      0x00000000      0x34d
 *(.debug_str)
 .debug_str     0x00000000      0x34d pruebaTimer.o
                                0x38d (size before relaxing)

.debug_loc
 *(.debug_loc)

.debug_macinfo
 *(.debug_macinfo)
OUTPUT(pruebaTimer.elf elf32-avr)
LOAD linker stubs
