Archive member included because of file (symbol)

c:/winavr-20100110/bin/../lib/gcc/avr/4.3.3/avr5\libgcc.a(_exit.o)
                              c:/winavr-20100110/bin/../lib/gcc/avr/4.3.3/../../../../avr/lib/avr5/crtm32.o (exit)
c:/winavr-20100110/bin/../lib/gcc/avr/4.3.3/avr5\libgcc.a(_copy_data.o)
                              Prueba4TFT.o (__do_copy_data)
c:/winavr-20100110/bin/../lib/gcc/avr/4.3.3/avr5\libgcc.a(_clear_bss.o)
                              lcd.o (__do_clear_bss)

Memory Configuration

Name             Origin             Length             Attributes
text             0x00000000         0x00020000         xr
data             0x00800060         0x0000ffa0         rw !x
eeprom           0x00810000         0x00010000         rw !x
fuse             0x00820000         0x00000400         rw !x
lock             0x00830000         0x00000400         rw !x
signature        0x00840000         0x00000400         rw !x
*default*        0x00000000         0xffffffff

Linker script and memory map

LOAD c:/winavr-20100110/bin/../lib/gcc/avr/4.3.3/../../../../avr/lib/avr5/crtm32.o
LOAD Prueba4TFT.o
LOAD delay.o
LOAD lcd.o
LOAD c:/winavr-20100110/bin/../lib/gcc/avr/4.3.3/avr5\libgcc.a
LOAD c:/winavr-20100110/bin/../lib/gcc/avr/4.3.3/../../../../avr/lib/avr5\libc.a
LOAD c:/winavr-20100110/bin/../lib/gcc/avr/4.3.3/avr5\libgcc.a

.hash
 *(.hash)

.dynsym
 *(.dynsym)

.dynstr
 *(.dynstr)

.gnu.version
 *(.gnu.version)

.gnu.version_d
 *(.gnu.version_d)

.gnu.version_r
 *(.gnu.version_r)

.rel.init
 *(.rel.init)

.rela.init
 *(.rela.init)

.rel.text
 *(.rel.text)
 *(.rel.text.*)
 *(.rel.gnu.linkonce.t*)

.rela.text
 *(.rela.text)
 *(.rela.text.*)
 *(.rela.gnu.linkonce.t*)

.rel.fini
 *(.rel.fini)

.rela.fini
 *(.rela.fini)

.rel.rodata
 *(.rel.rodata)
 *(.rel.rodata.*)
 *(.rel.gnu.linkonce.r*)

.rela.rodata
 *(.rela.rodata)
 *(.rela.rodata.*)
 *(.rela.gnu.linkonce.r*)

.rel.data
 *(.rel.data)
 *(.rel.data.*)
 *(.rel.gnu.linkonce.d*)

.rela.data
 *(.rela.data)
 *(.rela.data.*)
 *(.rela.gnu.linkonce.d*)

.rel.ctors
 *(.rel.ctors)

.rela.ctors
 *(.rela.ctors)

.rel.dtors
 *(.rel.dtors)

.rela.dtors
 *(.rela.dtors)

.rel.got
 *(.rel.got)

.rela.got
 *(.rela.got)

.rel.bss
 *(.rel.bss)

.rela.bss
 *(.rela.bss)

.rel.plt
 *(.rel.plt)

.rela.plt
 *(.rela.plt)

.text           0x00000000     0x174a
 *(.vectors)
 .vectors       0x00000000       0x54 c:/winavr-20100110/bin/../lib/gcc/avr/4.3.3/../../../../avr/lib/avr5/crtm32.o
                0x00000000                __vectors
                0x00000000                __vector_default
 *(.vectors)
 *(.progmem.gcc*)
 *(.progmem*)
 .progmem.data  0x00000054      0x5f0 lcd.o
                0x00000054                english
                0x00000644                . = ALIGN (0x2)
                0x00000644                __trampolines_start = .
 *(.trampolines)
 .trampolines   0x00000644        0x0 linker stubs
 *(.trampolines*)
                0x00000644                __trampolines_end = .
 *(.jumptables)
 *(.jumptables*)
 *(.lowtext)
 *(.lowtext*)
                0x00000644                __ctors_start = .
 *(.ctors)
                0x00000644                __ctors_end = .
                0x00000644                __dtors_start = .
 *(.dtors)
                0x00000644                __dtors_end = .
 SORT(*)(.ctors)
 SORT(*)(.dtors)
 *(.init0)
 .init0         0x00000644        0x0 c:/winavr-20100110/bin/../lib/gcc/avr/4.3.3/../../../../avr/lib/avr5/crtm32.o
                0x00000644                __init
 *(.init0)
 *(.init1)
 *(.init1)
 *(.init2)
 .init2         0x00000644        0xc c:/winavr-20100110/bin/../lib/gcc/avr/4.3.3/../../../../avr/lib/avr5/crtm32.o
 *(.init2)
 *(.init3)
 *(.init3)
 *(.init4)
 .init4         0x00000650       0x16 c:/winavr-20100110/bin/../lib/gcc/avr/4.3.3/avr5\libgcc.a(_copy_data.o)
                0x00000650                __do_copy_data
 .init4         0x00000666       0x10 c:/winavr-20100110/bin/../lib/gcc/avr/4.3.3/avr5\libgcc.a(_clear_bss.o)
                0x00000666                __do_clear_bss
 *(.init4)
 *(.init5)
 *(.init5)
 *(.init6)
 *(.init6)
 *(.init7)
 *(.init7)
 *(.init8)
 *(.init8)
 *(.init9)
 .init9         0x00000676        0x8 c:/winavr-20100110/bin/../lib/gcc/avr/4.3.3/../../../../avr/lib/avr5/crtm32.o
 *(.init9)
 *(.text)
 .text          0x0000067e        0x4 c:/winavr-20100110/bin/../lib/gcc/avr/4.3.3/../../../../avr/lib/avr5/crtm32.o
                0x0000067e                __vector_1
                0x0000067e                __vector_12
                0x0000067e                __bad_interrupt
                0x0000067e                __vector_6
                0x0000067e                __vector_3
                0x0000067e                __vector_11
                0x0000067e                __vector_13
                0x0000067e                __vector_17
                0x0000067e                __vector_19
                0x0000067e                __vector_7
                0x0000067e                __vector_5
                0x0000067e                __vector_4
                0x0000067e                __vector_9
                0x0000067e                __vector_2
                0x0000067e                __vector_15
                0x0000067e                __vector_8
                0x0000067e                __vector_14
                0x0000067e                __vector_10
                0x0000067e                __vector_16
                0x0000067e                __vector_18
                0x0000067e                __vector_20
 .text          0x00000682       0x48 Prueba4TFT.o
                0x00000682                main
 .text          0x000006ca        0x4 delay.o
                0x000006ca                delay_us
                0x000006cc                delay_ms
 .text          0x000006ce     0x1078 lcd.o
                0x00000ada                GLCD_PutPixel
                0x000011dc                LCD_Clear
                0x000010d4                LCD_WR_REG
                0x000006d0                wait_delay
                0x00001546                Test
                0x00001030                LCD_WR_DATA16
                0x00000710                GLCD_Init
                0x0000168c                GUI_Point
                0x00000df2                GLCD_Bitmap
                0x00001064                LCD_write_english
                0x000006ce                wait
                0x000010ea                LCD_SetCursor
                0x00000b28                GLCD_Clear
                0x00000b1e                GLCD_SetBackColor
                0x00000ce2                GLCD_ClearLn
                0x0000126a                LCD_Init
                0x00000d00                GLCD_Bargraph
                0x0000110c                Lcd_SetBox
                0x00000ab0                GLCD_WindowMax
                0x00000ff0                LCD_WR_REG16
                0x00000ef4                GLCD_Bmp
                0x00000b14                GLCD_SetTextColor
                0x000016c6                LCD_write_SUM
                0x00000c96                GLCD_DisplayString
                0x00000c60                GLCD_DisplayChar
                0x00001180                LCD_write_english_string
                0x00000b90                GLCD_DrawChar
 .text          0x00001746        0x0 c:/winavr-20100110/bin/../lib/gcc/avr/4.3.3/avr5\libgcc.a(_exit.o)
 .text          0x00001746        0x0 c:/winavr-20100110/bin/../lib/gcc/avr/4.3.3/avr5\libgcc.a(_copy_data.o)
 .text          0x00001746        0x0 c:/winavr-20100110/bin/../lib/gcc/avr/4.3.3/avr5\libgcc.a(_clear_bss.o)
                0x00001746                . = ALIGN (0x2)
 *(.text.*)
 .text.libgcc   0x00001746        0x0 c:/winavr-20100110/bin/../lib/gcc/avr/4.3.3/avr5\libgcc.a(_exit.o)
 .text.libgcc   0x00001746        0x0 c:/winavr-20100110/bin/../lib/gcc/avr/4.3.3/avr5\libgcc.a(_copy_data.o)
 .text.libgcc   0x00001746        0x0 c:/winavr-20100110/bin/../lib/gcc/avr/4.3.3/avr5\libgcc.a(_clear_bss.o)
                0x00001746                . = ALIGN (0x2)
 *(.fini9)
 .fini9         0x00001746        0x0 c:/winavr-20100110/bin/../lib/gcc/avr/4.3.3/avr5\libgcc.a(_exit.o)
                0x00001746                exit
                0x00001746                _exit
 *(.fini9)
 *(.fini8)
 *(.fini8)
 *(.fini7)
 *(.fini7)
 *(.fini6)
 *(.fini6)
 *(.fini5)
 *(.fini5)
 *(.fini4)
 *(.fini4)
 *(.fini3)
 *(.fini3)
 *(.fini2)
 *(.fini2)
 *(.fini1)
 *(.fini1)
 *(.fini0)
 .fini0         0x00001746        0x4 c:/winavr-20100110/bin/../lib/gcc/avr/4.3.3/avr5\libgcc.a(_exit.o)
 *(.fini0)
                0x0000174a                _etext = .

.data           0x00800060     0x152e load address 0x0000174a
                0x00800060                PROVIDE (__data_start, .)
 *(.data)
 .data          0x00800060        0x0 c:/winavr-20100110/bin/../lib/gcc/avr/4.3.3/../../../../avr/lib/avr5/crtm32.o
 .data          0x00800060       0x16 Prueba4TFT.o
 .data          0x00800076        0x0 delay.o
 .data          0x00800076     0x1517 lcd.o
                0x0080008b                Font_24x16
 .data          0x0080158d        0x0 c:/winavr-20100110/bin/../lib/gcc/avr/4.3.3/avr5\libgcc.a(_exit.o)
 .data          0x0080158d        0x0 c:/winavr-20100110/bin/../lib/gcc/avr/4.3.3/avr5\libgcc.a(_copy_data.o)
 .data          0x0080158d        0x0 c:/winavr-20100110/bin/../lib/gcc/avr/4.3.3/avr5\libgcc.a(_clear_bss.o)
 *(.data*)
 *(.rodata)
 *(.rodata*)
 *(.gnu.linkonce.d*)
                0x0080158e                . = ALIGN (0x2)
 *fill*         0x0080158d        0x1 00
                0x0080158e                _edata = .
                0x0080158e                PROVIDE (__data_end, .)

.bss            0x0080158e        0x4
                0x0080158e                PROVIDE (__bss_start, .)
 *(.bss)
 .bss           0x0080158e        0x0 c:/winavr-20100110/bin/../lib/gcc/avr/4.3.3/../../../../avr/lib/avr5/crtm32.o
 .bss           0x0080158e        0x0 Prueba4TFT.o
 .bss           0x0080158e        0x0 delay.o
 .bss           0x0080158e        0x4 lcd.o
 .bss           0x00801592        0x0 c:/winavr-20100110/bin/../lib/gcc/avr/4.3.3/avr5\libgcc.a(_exit.o)
 .bss           0x00801592        0x0 c:/winavr-20100110/bin/../lib/gcc/avr/4.3.3/avr5\libgcc.a(_copy_data.o)
 .bss           0x00801592        0x0 c:/winavr-20100110/bin/../lib/gcc/avr/4.3.3/avr5\libgcc.a(_clear_bss.o)
 *(.bss*)
 *(COMMON)
                0x00801592                PROVIDE (__bss_end, .)
                0x0000174a                __data_load_start = LOADADDR (.data)
                0x00002c78                __data_load_end = (__data_load_start + SIZEOF (.data))

.noinit         0x00801592        0x0
                0x00801592                PROVIDE (__noinit_start, .)
 *(.noinit*)
                0x00801592                PROVIDE (__noinit_end, .)
                0x00801592                _end = .
                0x00801592                PROVIDE (__heap_start, .)

.eeprom         0x00810000        0x0
 *(.eeprom*)
                0x00810000                __eeprom_end = .

.fuse
 *(.fuse)
 *(.lfuse)
 *(.hfuse)
 *(.efuse)

.lock
 *(.lock*)

.signature
 *(.signature*)

.stab
 *(.stab)

.stabstr
 *(.stabstr)

.stab.excl
 *(.stab.excl)

.stab.exclstr
 *(.stab.exclstr)

.stab.index
 *(.stab.index)

.stab.indexstr
 *(.stab.indexstr)

.comment
 *(.comment)

.debug
 *(.debug)

.line
 *(.line)

.debug_srcinfo
 *(.debug_srcinfo)

.debug_sfnames
 *(.debug_sfnames)

.debug_aranges  0x00000000       0x60
 *(.debug_aranges)
 .debug_aranges
                0x00000000       0x20 Prueba4TFT.o
 .debug_aranges
                0x00000020       0x20 delay.o
 .debug_aranges
                0x00000040       0x20 lcd.o

.debug_pubnames
                0x00000000      0x242
 *(.debug_pubnames)
 .debug_pubnames
                0x00000000       0x1b Prueba4TFT.o
 .debug_pubnames
                0x0000001b       0x2c delay.o
 .debug_pubnames
                0x00000047      0x1fb lcd.o

.debug_info     0x00000000      0xcef
 *(.debug_info)
 .debug_info    0x00000000       0x76 Prueba4TFT.o
 .debug_info    0x00000076       0x8f delay.o
 .debug_info    0x00000105      0xbea lcd.o
 *(.gnu.linkonce.wi.*)

.debug_abbrev   0x00000000      0x2fc
 *(.debug_abbrev)
 .debug_abbrev  0x00000000       0x41 Prueba4TFT.o
 .debug_abbrev  0x00000041       0x7b delay.o
 .debug_abbrev  0x000000bc      0x240 lcd.o

.debug_line     0x00000000     0x1046
 *(.debug_line)
 .debug_line    0x00000000       0x91 Prueba4TFT.o
 .debug_line    0x00000091       0x6c delay.o
 .debug_line    0x000000fd      0xf49 lcd.o

.debug_frame    0x00000000      0x240
 *(.debug_frame)
 .debug_frame   0x00000000       0x20 Prueba4TFT.o
 .debug_frame   0x00000020       0x30 delay.o
 .debug_frame   0x00000050      0x1f0 lcd.o

.debug_str      0x00000000      0x2ff
 *(.debug_str)
 .debug_str     0x00000000       0x82 Prueba4TFT.o
                                 0xb6 (size before relaxing)
 .debug_str     0x00000082       0x22 delay.o
                                 0x69 (size before relaxing)
 .debug_str     0x000000a4      0x25b lcd.o
                                0x33d (size before relaxing)

.debug_loc      0x00000000      0xb19
 *(.debug_loc)
 .debug_loc     0x00000000      0xb19 lcd.o

.debug_macinfo
 *(.debug_macinfo)
OUTPUT(Prueba4TFT.elf elf32-avr)
LOAD linker stubs
