MPLINK 4.1, Linker
Linker Map File - Created Tue Dec 18 18:09:35 2007

                                 Section Info
                  Section       Type    Address   Location Size(Bytes)
                ---------  ---------  ---------  ---------  ---------
                RESET_VEC       code   0x000000    program   0x000004
             HIGH_INT_VEC       code   0x000008    program   0x000004
              LOW_INT_VEC       code   0x000018    program   0x000004
                   .cinit    romdata   0x00002a    program   0x000002
                 LCD_CODE       code   0x00002c    program   0x0012de
                PROG_main       code   0x00130a    program   0x000d9a
                    .code       code   0x0020a4    program   0x00079c
                     REST       code   0x002840    program   0x00018a
.config_300001_FUELGAUGEAPPNOTE_MAIN_VER1.O    romdata   0x300001    program   0x000001
.config_300002_FUELGAUGEAPPNOTE_MAIN_VER1.O    romdata   0x300002    program   0x000001
.config_300003_FUELGAUGEAPPNOTE_MAIN_VER1.O    romdata   0x300003    program   0x000001
.config_300005_FUELGAUGEAPPNOTE_MAIN_VER1.O    romdata   0x300005    program   0x000001
.config_300006_FUELGAUGEAPPNOTE_MAIN_VER1.O    romdata   0x300006    program   0x000001
                variables      udata   0x000100       data   0x000081
                  LCD_Reg      udata   0x000181       data   0x000004
                 MATH_VAR      udata   0x000185       data   0x000017
             BinToBCD_VAR      udata   0x00019c       data   0x00000a
                  ADC_VAR      udata   0x0001a6       data   0x000004



                              Program Memory Usage 
                               Start         End      
                           ---------   ---------      
                            0x000000    0x000003      
                            0x000008    0x00000b      
                            0x000018    0x00001b      
                            0x00002a    0x0029c9      
                            0x300001    0x300003      
                            0x300005    0x300006      
            10673 out of 33048 program addresses used, program memory utilization is 32%



                              Symbols - Sorted by Name
                     Name    Address   Location    Storage File                     
                ---------  ---------  ---------  --------- ---------                
          ADC_Read_400KHz   0x0021da    program     extern C:\DevKit\FuelGauge\AppNote\FuelGauge_ADC.asm
         ADC_Write_Config   0x002162    program     extern C:\DevKit\FuelGauge\AppNote\FuelGauge_ADC.asm
           ADD_LOOP_24x24   0x00270e    program     static C:\DevKit\FuelGauge\AppNote\FuelGauge_MathLib.asm
           Add_IforNtimes   0x001754    program     static C:\DevKit\FuelGauge\AppNote\FUELGAUGEAppNote_MAIN_Ver1.ASM
           Add_Two_6Bytes   0x002808    program     extern C:\DevKit\FuelGauge\AppNote\FuelGauge_MathLib.asm
 Add_toTotalCurrentRemain   0x0017c8    program     static C:\DevKit\FuelGauge\AppNote\FUELGAUGEAppNote_MAIN_Ver1.ASM
   Add_toTotalCurrentUsed   0x00178c    program     static C:\DevKit\FuelGauge\AppNote\FUELGAUGEAppNote_MAIN_Ver1.ASM
 Address_bits_400KHz_read   0x0021e6    program     static C:\DevKit\FuelGauge\AppNote\FuelGauge_ADC.asm
Address_bits_400KHz_write   0x002166    program     static C:\DevKit\FuelGauge\AppNote\FuelGauge_ADC.asm
              Bat_AAA1_5V   0x00152e    program     static C:\DevKit\FuelGauge\AppNote\FUELGAUGEAppNote_MAIN_Ver1.ASM
         Bat_LiPoly170mAH   0x001558    program     static C:\DevKit\FuelGauge\AppNote\FUELGAUGEAppNote_MAIN_Ver1.ASM
    BatterySelted_1000mAh   0x0015be    program     static C:\DevKit\FuelGauge\AppNote\FUELGAUGEAppNote_MAIN_Ver1.ASM
     BatterySelted_170mAh   0x001592    program     static C:\DevKit\FuelGauge\AppNote\FUELGAUGEAppNote_MAIN_Ver1.ASM
           Battery_Inused   0x001558    program     static C:\DevKit\FuelGauge\AppNote\FUELGAUGEAppNote_MAIN_Ver1.ASM
       Bin48_bcd_currents   0x002046    program     static C:\DevKit\FuelGauge\AppNote\FUELGAUGEAppNote_MAIN_Ver1.ASM
          Bin48_bcd_volts   0x002046    program     static C:\DevKit\FuelGauge\AppNote\FUELGAUGEAppNote_MAIN_Ver1.ASM
          Buzzer1p1KHz_ON   0x0020e8    program     extern C:\DevKit\FuelGauge\AppNote\FuelGauge_Buzzer.asm
     Buzzer1p1To1p5KHz_ON   0x002124    program     extern C:\DevKit\FuelGauge\AppNote\FuelGauge_Buzzer.asm
          Buzzer1p2KHz_ON   0x0020ca    program     extern C:\DevKit\FuelGauge\AppNote\FuelGauge_Buzzer.asm
         BuzzerStartUp_ON   0x002104    program     extern C:\DevKit\FuelGauge\AppNote\FuelGauge_Buzzer.asm
               Buzzer_OFF   0x0020a4    program     extern C:\DevKit\FuelGauge\AppNote\FuelGauge_Buzzer.asm
                Buzzer_ON   0x0020ae    program     extern C:\DevKit\FuelGauge\AppNote\FuelGauge_Buzzer.asm
         Calc_RemainFuels   0x0018b8    program     static C:\DevKit\FuelGauge\AppNote\FUELGAUGEAppNote_MAIN_Ver1.ASM
              Charge_Done   0x001e94    program     static C:\DevKit\FuelGauge\AppNote\FUELGAUGEAppNote_MAIN_Ver1.ASM
          ChargingBattery   0x001e44    program     static C:\DevKit\FuelGauge\AppNote\FUELGAUGEAppNote_MAIN_Ver1.ASM
           CheckDonefor2V   0x001d62    program     static C:\DevKit\FuelGauge\AppNote\FUELGAUGEAppNote_MAIN_Ver1.ASM
            CheckINT1_Int   0x00289a    program     static C:\DevKit\FuelGauge\AppNote\FUELGAUGEAppNote_MAIN_Ver1.ASM
            CheckINT2_Int   0x0028d2    program     static C:\DevKit\FuelGauge\AppNote\FUELGAUGEAppNote_MAIN_Ver1.ASM
       CheckIfHigerThan4V   0x001e68    program     static C:\DevKit\FuelGauge\AppNote\FUELGAUGEAppNote_MAIN_Ver1.ASM
        CheckIfLessThan2V   0x0016e8    program     static C:\DevKit\FuelGauge\AppNote\FUELGAUGEAppNote_MAIN_Ver1.ASM
            CheckRB0orRB1   0x001502    program     static C:\DevKit\FuelGauge\AppNote\FUELGAUGEAppNote_MAIN_Ver1.ASM
  CheckRB4567_4_Interrupt   0x00296a    program     static C:\DevKit\FuelGauge\AppNote\FUELGAUGEAppNote_MAIN_Ver1.ASM
  CheckRB4567_5_Interrupt   0x002992    program     static C:\DevKit\FuelGauge\AppNote\FUELGAUGEAppNote_MAIN_Ver1.ASM
  CheckRB4567_6_Interrupt   0x00291a    program     static C:\DevKit\FuelGauge\AppNote\FUELGAUGEAppNote_MAIN_Ver1.ASM
  CheckRB4567_7_Interrupt   0x002942    program     static C:\DevKit\FuelGauge\AppNote\FUELGAUGEAppNote_MAIN_Ver1.ASM
          CheckRB4567_Int   0x00290e    program     static C:\DevKit\FuelGauge\AppNote\FUELGAUGEAppNote_MAIN_Ver1.ASM
             CheckRBO_Int   0x002864    program     static C:\DevKit\FuelGauge\AppNote\FUELGAUGEAppNote_MAIN_Ver1.ASM
          CheckTIMER0_Int   0x002854    program     static C:\DevKit\FuelGauge\AppNote\FUELGAUGEAppNote_MAIN_Ver1.ASM
     Check_IfOverCharging   0x0017cc    program     static C:\DevKit\FuelGauge\AppNote\FUELGAUGEAppNote_MAIN_Ver1.ASM
      CheckedHigherThan2V   0x001d60    program     static C:\DevKit\FuelGauge\AppNote\FUELGAUGEAppNote_MAIN_Ver1.ASM
        CheckedLessThan2V   0x001d5a    program     static C:\DevKit\FuelGauge\AppNote\FUELGAUGEAppNote_MAIN_Ver1.ASM
       CheckifSW2Selected   0x00151a    program     static C:\DevKit\FuelGauge\AppNote\FUELGAUGEAppNote_MAIN_Ver1.ASM
        ChekDigitT1_RFuel   0x000848    program     static C:\DevKit\FuelGauge\AppNote\FuelGauge_Write_LCD.ASM
        ChekDigitT2_RFuel   0x00081c    program     static C:\DevKit\FuelGauge\AppNote\FuelGauge_Write_LCD.ASM
        ChekDigitT3_RFuel   0x0007f0    program     static C:\DevKit\FuelGauge\AppNote\FuelGauge_Write_LCD.ASM
        ChekDigitT6_UsedF   0x000a04    program     static C:\DevKit\FuelGauge\AppNote\FuelGauge_Write_LCD.ASM
        ChekDigitT7_UsedF   0x0009dc    program     static C:\DevKit\FuelGauge\AppNote\FuelGauge_Write_LCD.ASM
        ChekDigitT8_UsedF   0x0009b0    program     static C:\DevKit\FuelGauge\AppNote\FuelGauge_Write_LCD.ASM
        ChekDigitT9_UsedF   0x000984    program     static C:\DevKit\FuelGauge\AppNote\FuelGauge_Write_LCD.ASM
       ChekIfWantRecharge   0x001de4    program     static C:\DevKit\FuelGauge\AppNote\FUELGAUGEAppNote_MAIN_Ver1.ASM
          ChkIfChargedBat   0x0016c4    program     static C:\DevKit\FuelGauge\AppNote\FUELGAUGEAppNote_MAIN_Ver1.ASM
  Chk_BatIfLowerthan0_75V   0x001d64    program     static C:\DevKit\FuelGauge\AppNote\FUELGAUGEAppNote_MAIN_Ver1.ASM
     Chk_BatIfLowerthan2V   0x001d1c    program     static C:\DevKit\FuelGauge\AppNote\FUELGAUGEAppNote_MAIN_Ver1.ASM
      Chk_forSWChargeStop   0x001e7e    program     static C:\DevKit\FuelGauge\AppNote\FUELGAUGEAppNote_MAIN_Ver1.ASM
         Chk_sw1forCharge   0x001dfe    program     static C:\DevKit\FuelGauge\AppNote\FUELGAUGEAppNote_MAIN_Ver1.ASM
                   Closed   0x001aec    program     static C:\DevKit\FuelGauge\AppNote\FUELGAUGEAppNote_MAIN_Ver1.ASM
               Closed_RB1   0x001b00    program     static C:\DevKit\FuelGauge\AppNote\FUELGAUGEAppNote_MAIN_Ver1.ASM
               Closed_RB2   0x001b14    program     static C:\DevKit\FuelGauge\AppNote\FUELGAUGEAppNote_MAIN_Ver1.ASM
               Closed_RB4   0x001b28    program     static C:\DevKit\FuelGauge\AppNote\FUELGAUGEAppNote_MAIN_Ver1.ASM
               Closed_RB5   0x001b3c    program     static C:\DevKit\FuelGauge\AppNote\FUELGAUGEAppNote_MAIN_Ver1.ASM
               Closed_RB6   0x001b50    program     static C:\DevKit\FuelGauge\AppNote\FUELGAUGEAppNote_MAIN_Ver1.ASM
               Closed_RB7   0x001b64    program     static C:\DevKit\FuelGauge\AppNote\FUELGAUGEAppNote_MAIN_Ver1.ASM
       Comput_BatteryFuel   0x001710    program     static C:\DevKit\FuelGauge\AppNote\FUELGAUGEAppNote_MAIN_Ver1.ASM
          Conf_400KHz_Low   0x0021be    program     static C:\DevKit\FuelGauge\AppNote\FuelGauge_ADC.asm
        Cont_ToChargeLoop   0x001e78    program     static C:\DevKit\FuelGauge\AppNote\FUELGAUGEAppNote_MAIN_Ver1.ASM
           ContinueToLoop   0x001ee4    program     static C:\DevKit\FuelGauge\AppNote\FUELGAUGEAppNote_MAIN_Ver1.ASM
      Continue_NormalMeas   0x001710    program     static C:\DevKit\FuelGauge\AppNote\FUELGAUGEAppNote_MAIN_Ver1.ASM
        Convert_ADCvalues   0x001b82    program     static C:\DevKit\FuelGauge\AppNote\FUELGAUGEAppNote_MAIN_Ver1.ASM
          Convert_uATomAH   0x00193e    program     static C:\DevKit\FuelGauge\AppNote\FUELGAUGEAppNote_MAIN_Ver1.ASM
    CurrentMult_Timer0Int   0x001710    program     static C:\DevKit\FuelGauge\AppNote\FUELGAUGEAppNote_MAIN_Ver1.ASM
      Current_Measurement   0x001bde    program     static C:\DevKit\FuelGauge\AppNote\FUELGAUGEAppNote_MAIN_Ver1.ASM
       Current_NoTimerInt   0x001782    program     static C:\DevKit\FuelGauge\AppNote\FUELGAUGEAppNote_MAIN_Ver1.ASM
       Currents_byUsingU1   0x001ca6    program     static C:\DevKit\FuelGauge\AppNote\FUELGAUGEAppNote_MAIN_Ver1.ASM
                       D1   0x001b72    program     static C:\DevKit\FuelGauge\AppNote\FUELGAUGEAppNote_MAIN_Ver1.ASM
                       D2   0x001b78    program     static C:\DevKit\FuelGauge\AppNote\FUELGAUGEAppNote_MAIN_Ver1.ASM
             Debounce_RB0   0x001ade    program     static C:\DevKit\FuelGauge\AppNote\FUELGAUGEAppNote_MAIN_Ver1.ASM
             Debounce_RB1   0x001af0    program     static C:\DevKit\FuelGauge\AppNote\FUELGAUGEAppNote_MAIN_Ver1.ASM
             Debounce_RB2   0x001b04    program     static C:\DevKit\FuelGauge\AppNote\FUELGAUGEAppNote_MAIN_Ver1.ASM
             Debounce_RB4   0x001b18    program     static C:\DevKit\FuelGauge\AppNote\FUELGAUGEAppNote_MAIN_Ver1.ASM
             Debounce_RB5   0x001b2c    program     static C:\DevKit\FuelGauge\AppNote\FUELGAUGEAppNote_MAIN_Ver1.ASM
             Debounce_RB6   0x001b40    program     static C:\DevKit\FuelGauge\AppNote\FUELGAUGEAppNote_MAIN_Ver1.ASM
             Debounce_RB7   0x001b54    program     static C:\DevKit\FuelGauge\AppNote\FUELGAUGEAppNote_MAIN_Ver1.ASM
                    Delay   0x001b68    program     static C:\DevKit\FuelGauge\AppNote\FUELGAUGEAppNote_MAIN_Ver1.ASM
                 Delay1ms   0x00121e    program     static C:\DevKit\FuelGauge\AppNote\FuelGauge_Write_LCD.ASM
                Delay30ms   0x00122c    program     static C:\DevKit\FuelGauge\AppNote\FuelGauge_Write_LCD.ASM
             DelayXCycles   0x001218    program     static C:\DevKit\FuelGauge\AppNote\FuelGauge_Write_LCD.ASM
                  Delay_1   0x001222    program     static C:\DevKit\FuelGauge\AppNote\FuelGauge_Write_LCD.ASM
       Delay_SW1Interrupt   0x001aa6    program     static C:\DevKit\FuelGauge\AppNote\FUELGAUGEAppNote_MAIN_Ver1.ASM
       Delay_SW3Interrupt   0x001ab6    program     static C:\DevKit\FuelGauge\AppNote\FUELGAUGEAppNote_MAIN_Ver1.ASM
             DisIForGain1   0x0003c4    program     static C:\DevKit\FuelGauge\AppNote\FuelGauge_Write_LCD.ASM
             DisIForGain2   0x00047a    program     static C:\DevKit\FuelGauge\AppNote\FuelGauge_Write_LCD.ASM
             DisIForGain4   0x00052e    program     static C:\DevKit\FuelGauge\AppNote\FuelGauge_Write_LCD.ASM
             DisIForGain8   0x0005e4    program     static C:\DevKit\FuelGauge\AppNote\FuelGauge_Write_LCD.ASM
             DisVForGain1   0x00008a    program     static C:\DevKit\FuelGauge\AppNote\FuelGauge_Write_LCD.ASM
             DisVForGain2   0x00014a    program     static C:\DevKit\FuelGauge\AppNote\FuelGauge_Write_LCD.ASM
             DisVForGain4   0x000214    program     static C:\DevKit\FuelGauge\AppNote\FuelGauge_Write_LCD.ASM
             DisVForGain8   0x0002c0    program     static C:\DevKit\FuelGauge\AppNote\FuelGauge_Write_LCD.ASM
       Disp_AtTP9_PressS1   0x000f74    program     extern C:\DevKit\FuelGauge\AppNote\FuelGauge_Write_LCD.ASM
       Disp_BatLessThan1V   0x001dca    program     static C:\DevKit\FuelGauge\AppNote\FUELGAUGEAppNote_MAIN_Ver1.ASM
       Disp_BatLessThan2V   0x001db0    program     static C:\DevKit\FuelGauge\AppNote\FUELGAUGEAppNote_MAIN_Ver1.ASM
   Disp_BatLowerThan0_75V   0x000d5c    program     extern C:\DevKit\FuelGauge\AppNote\FuelGauge_Write_LCD.ASM
     Disp_ChargeCompleted   0x000b44    program     extern C:\DevKit\FuelGauge\AppNote\FuelGauge_Write_LCD.ASM
          Disp_ConnectJP1   0x000cd6    program     extern C:\DevKit\FuelGauge\AppNote\FuelGauge_Write_LCD.ASM
        Disp_ConntBattery   0x000eee    program     extern C:\DevKit\FuelGauge\AppNote\FuelGauge_Write_LCD.ASM
       Disp_DisconnectJP2   0x000c50    program     extern C:\DevKit\FuelGauge\AppNote\FuelGauge_Write_LCD.ASM
        Disp_FuelRemPerct   0x00069a    program     extern C:\DevKit\FuelGauge\AppNote\FuelGauge_Write_LCD.ASM
          Disp_FuelRemmAH   0x000792    program     extern C:\DevKit\FuelGauge\AppNote\FuelGauge_Write_LCD.ASM
            Disp_InitAtL2   0x000e68    program     extern C:\DevKit\FuelGauge\AppNote\FuelGauge_Write_LCD.ASM
        Disp_PlseWaitAtL1   0x000de2    program     extern C:\DevKit\FuelGauge\AppNote\FuelGauge_Write_LCD.ASM
             Disp_PressS1   0x000bca    program     extern C:\DevKit\FuelGauge\AppNote\FuelGauge_Write_LCD.ASM
     Disp_StdUnderCharged   0x000abe    program     extern C:\DevKit\FuelGauge\AppNote\FuelGauge_Write_LCD.ASM
          Display_Current   0x001cea    program     static C:\DevKit\FuelGauge\AppNote\FUELGAUGEAppNote_MAIN_Ver1.ASM
         Display_FuelUsed   0x0008b2    program     extern C:\DevKit\FuelGauge\AppNote\FuelGauge_Write_LCD.ASM
          Display_Results   0x00002c    program     extern C:\DevKit\FuelGauge\AppNote\FuelGauge_Write_LCD.ASM
  Display_Results_Current   0x00036c    program     extern C:\DevKit\FuelGauge\AppNote\FuelGauge_Write_LCD.ASM
    Display_Results_Volts   0x00002c    program     extern C:\DevKit\FuelGauge\AppNote\FuelGauge_Write_LCD.ASM
    Display_TotalUsedFuel   0x00184a    program     static C:\DevKit\FuelGauge\AppNote\FUELGAUGEAppNote_MAIN_Ver1.ASM
         Display_UsedFuel   0x0018a2    program     static C:\DevKit\FuelGauge\AppNote\FUELGAUGEAppNote_MAIN_Ver1.ASM
          Display_Voltage   0x001bba    program     static C:\DevKit\FuelGauge\AppNote\FUELGAUGEAppNote_MAIN_Ver1.ASM
        Divide_6by_3Bytes   0x002752    program     extern C:\DevKit\FuelGauge\AppNote\FuelGauge_MathLib.asm
         DoCalRemainFuels   0x0018de    program     static C:\DevKit\FuelGauge\AppNote\FUELGAUGEAppNote_MAIN_Ver1.ASM
          DoforAAABattery   0x001684    program     static C:\DevKit\FuelGauge\AppNote\FUELGAUGEAppNote_MAIN_Ver1.ASM
           DoforLiPolymer   0x0016a4    program     static C:\DevKit\FuelGauge\AppNote\FUELGAUGEAppNote_MAIN_Ver1.ASM
         Done_CurrentXInt   0x001782    program     static C:\DevKit\FuelGauge\AppNote\FUELGAUGEAppNote_MAIN_Ver1.ASM
        End_RB0_Interrupt   0x002894    program     static C:\DevKit\FuelGauge\AppNote\FUELGAUGEAppNote_MAIN_Ver1.ASM
        End_RB1_Interrupt   0x0028c6    program     static C:\DevKit\FuelGauge\AppNote\FUELGAUGEAppNote_MAIN_Ver1.ASM
        End_RB2_Interrupt   0x002904    program     static C:\DevKit\FuelGauge\AppNote\FUELGAUGEAppNote_MAIN_Ver1.ASM
        End_RB4_Interrupt   0x00298c    program     static C:\DevKit\FuelGauge\AppNote\FUELGAUGEAppNote_MAIN_Ver1.ASM
        End_RB5_Interrupt   0x0029b4    program     static C:\DevKit\FuelGauge\AppNote\FUELGAUGEAppNote_MAIN_Ver1.ASM
        End_RB6_Interrupt   0x00293c    program     static C:\DevKit\FuelGauge\AppNote\FUELGAUGEAppNote_MAIN_Ver1.ASM
        End_RB7_Interrupt   0x002964    program     static C:\DevKit\FuelGauge\AppNote\FUELGAUGEAppNote_MAIN_Ver1.ASM
                   Endisr   0x0029ba    program     static C:\DevKit\FuelGauge\AppNote\FUELGAUGEAppNote_MAIN_Ver1.ASM
                    FinRd   0x001200    program     static C:\DevKit\FuelGauge\AppNote\FuelGauge_Write_LCD.ASM
            Final_OneByte   0x0022fa    program     static C:\DevKit\FuelGauge\AppNote\FuelGauge_ADC.asm
           Finish_Reading   0x002328    program     static C:\DevKit\FuelGauge\AppNote\FuelGauge_ADC.asm
               For_0587mV   0x001c4a    program     static C:\DevKit\FuelGauge\AppNote\FUELGAUGEAppNote_MAIN_Ver1.ASM
               For_2_408v   0x001c38    program     static C:\DevKit\FuelGauge\AppNote\FUELGAUGEAppNote_MAIN_Ver1.ASM
            FuelGaugeInit   0x001f30    program     static C:\DevKit\FuelGauge\AppNote\FUELGAUGEAppNote_MAIN_Ver1.ASM
             FullyCharged   0x00180e    program     static C:\DevKit\FuelGauge\AppNote\FUELGAUGEAppNote_MAIN_Ver1.ASM
          FullyDischarged   0x001920    program     static C:\DevKit\FuelGauge\AppNote\FUELGAUGEAppNote_MAIN_Ver1.ASM
      Give_8Clocks_400KHz   0x00224e    program     static C:\DevKit\FuelGauge\AppNote\FuelGauge_ADC.asm
  Give_8Clocks_Continue_1   0x002298    program     static C:\DevKit\FuelGauge\AppNote\FuelGauge_ADC.asm
  Give_8Clocks_Continue_2   0x0022c4    program     static C:\DevKit\FuelGauge\AppNote\FuelGauge_ADC.asm
         Give_Last8Clocks   0x002300    program     static C:\DevKit\FuelGauge\AppNote\FuelGauge_ADC.asm
                      ISR   0x002840    program     static C:\DevKit\FuelGauge\AppNote\FUELGAUGEAppNote_MAIN_Ver1.ASM
          Init_FuelValues   0x002000    program     static C:\DevKit\FuelGauge\AppNote\FUELGAUGEAppNote_MAIN_Ver1.ASM
        IsBatHigherThan4V   0x001ee6    program     static C:\DevKit\FuelGauge\AppNote\FUELGAUGEAppNote_MAIN_Ver1.ASM
            ItsForU1_read   0x00220c    program     static C:\DevKit\FuelGauge\AppNote\FuelGauge_ADC.asm
           ItsForU1_write   0x00218e    program     static C:\DevKit\FuelGauge\AppNote\FuelGauge_ADC.asm
       ItsFullyChargedBat   0x0016e0    program     static C:\DevKit\FuelGauge\AppNote\FUELGAUGEAppNote_MAIN_Ver1.ASM
        ItsHigherThan075V   0x001daa    program     static C:\DevKit\FuelGauge\AppNote\FUELGAUGEAppNote_MAIN_Ver1.ASM
          ItsHigherThan4V   0x001f2a    program     static C:\DevKit\FuelGauge\AppNote\FUELGAUGEAppNote_MAIN_Ver1.ASM
          ItsUnderChaging   0x0016b0    program     static C:\DevKit\FuelGauge\AppNote\FUELGAUGEAppNote_MAIN_Ver1.ASM
               Its_Gain_1   0x00265a    program     static C:\DevKit\FuelGauge\AppNote\FuelGauge_MathLib.asm
               Its_Gain_2   0x002680    program     static C:\DevKit\FuelGauge\AppNote\FuelGauge_MathLib.asm
               Its_Gain_4   0x0026a6    program     static C:\DevKit\FuelGauge\AppNote\FuelGauge_MathLib.asm
               Its_Gain_8   0x0026cc    program     static C:\DevKit\FuelGauge\AppNote\FuelGauge_MathLib.asm
         Its_LessThan075V   0x001da4    program     static C:\DevKit\FuelGauge\AppNote\FUELGAUGEAppNote_MAIN_Ver1.ASM
           Its_LessThan4V   0x001f24    program     static C:\DevKit\FuelGauge\AppNote\FUELGAUGEAppNote_MAIN_Ver1.ASM
        Its_NegativeSignA   0x001b9c    program     static C:\DevKit\FuelGauge\AppNote\FUELGAUGEAppNote_MAIN_Ver1.ASM
     Its_Negative_Sign_U1   0x001c70    program     static C:\DevKit\FuelGauge\AppNote\FUELGAUGEAppNote_MAIN_Ver1.ASM
        Its_PositiveSignA   0x001b94    program     static C:\DevKit\FuelGauge\AppNote\FUELGAUGEAppNote_MAIN_Ver1.ASM
     Its_Positive_Sign_U1   0x001c6a    program     static C:\DevKit\FuelGauge\AppNote\FUELGAUGEAppNote_MAIN_Ver1.ASM
          JumpConf_400KHz   0x0021c2    program     static C:\DevKit\FuelGauge\AppNote\FuelGauge_ADC.asm
             KeepContinue   0x0022be    program     static C:\DevKit\FuelGauge\AppNote\FuelGauge_ADC.asm
        Keep_AddsCurrents   0x001760    program     static C:\DevKit\FuelGauge\AppNote\FUELGAUGEAppNote_MAIN_Ver1.ASM
                  LCDBusy   0x001202    program     extern C:\DevKit\FuelGauge\AppNote\FuelGauge_Write_LCD.ASM
                  LCDInit   0x00101c    program     extern C:\DevKit\FuelGauge\AppNote\FuelGauge_Write_LCD.ASM
                LCDLine_1   0x000ffa    program     extern C:\DevKit\FuelGauge\AppNote\FuelGauge_Write_LCD.ASM
                LCDLine_2   0x001004    program     extern C:\DevKit\FuelGauge\AppNote\FuelGauge_Write_LCD.ASM
                  LCDRead   0x001186    program     static C:\DevKit\FuelGauge\AppNote\FuelGauge_Write_LCD.ASM
                 LCDWrite   0x00117a    program     extern C:\DevKit\FuelGauge\AppNote\FuelGauge_Write_LCD.ASM
           LCDWriteNibble   0x00113a    program     static C:\DevKit\FuelGauge\AppNote\FuelGauge_Write_LCD.ASM
                      Lb1   0x002532    program     static C:\DevKit\FuelGauge\AppNote\Binary_To_BCDConversion.asm
                      Lb2   0x00253a    program     static C:\DevKit\FuelGauge\AppNote\Binary_To_BCDConversion.asm
                      Lb3   0x002542    program     static C:\DevKit\FuelGauge\AppNote\Binary_To_BCDConversion.asm
                      Lb4   0x00254a    program     static C:\DevKit\FuelGauge\AppNote\Binary_To_BCDConversion.asm
          LessThan_99Pcnt   0x000704    program     static C:\DevKit\FuelGauge\AppNote\FuelGauge_Write_LCD.ASM
                LongDelay   0x0012d6    program     static C:\DevKit\FuelGauge\AppNote\FuelGauge_Write_LCD.ASM
            LongDelayLast   0x0012fc    program     static C:\DevKit\FuelGauge\AppNote\FuelGauge_Write_LCD.ASM
     LookingForACK_400KHz   0x002336    program     static C:\DevKit\FuelGauge\AppNote\FuelGauge_ADC.asm
   Multiply_24x24Bits_ADC   0x002646    program     extern C:\DevKit\FuelGauge\AppNote\FuelGauge_MathLib.asm
        Multiply_3x3bytes   0x0026f2    program     extern C:\DevKit\FuelGauge\AppNote\FuelGauge_MathLib.asm
               NO_BORROW1   0x002598    program     static C:\DevKit\FuelGauge\AppNote\FuelGauge_MathLib.asm
               NO_BORROW2   0x0025ce    program     static C:\DevKit\FuelGauge\AppNote\FuelGauge_MathLib.asm
               NO_BORROW3   0x0025fa    program     static C:\DevKit\FuelGauge\AppNote\FuelGauge_MathLib.asm
               NO_BORROW4   0x00261c    program     static C:\DevKit\FuelGauge\AppNote\FuelGauge_MathLib.asm
               NO_BORROW5   0x002634    program     static C:\DevKit\FuelGauge\AppNote\FuelGauge_MathLib.asm
               NO_BORROW6   0x002642    program     static C:\DevKit\FuelGauge\AppNote\FuelGauge_MathLib.asm
        NotInChargingMode   0x0016b8    program     static C:\DevKit\FuelGauge\AppNote\FUELGAUGEAppNote_MAIN_Ver1.ASM
          NotScaledBy2_G1   0x002670    program     static C:\DevKit\FuelGauge\AppNote\FuelGauge_MathLib.asm
          NotScaledBy2_G2   0x002696    program     static C:\DevKit\FuelGauge\AppNote\FuelGauge_MathLib.asm
          NotScaledBy2_G4   0x0026bc    program     static C:\DevKit\FuelGauge\AppNote\FuelGauge_MathLib.asm
          NotScaledBy2_G8   0x0026e2    program     static C:\DevKit\FuelGauge\AppNote\FuelGauge_MathLib.asm
          NotWantToCharge   0x001e04    program     static C:\DevKit\FuelGauge\AppNote\FUELGAUGEAppNote_MAIN_Ver1.ASM
            Now_WriteConf   0x001644    program     static C:\DevKit\FuelGauge\AppNote\FUELGAUGEAppNote_MAIN_Ver1.ASM
         Now_WriteConf_U1   0x001c24    program     static C:\DevKit\FuelGauge\AppNote\FUELGAUGEAppNote_MAIN_Ver1.ASM
          Ok_ToAddCurrent   0x001812    program     static C:\DevKit\FuelGauge\AppNote\FUELGAUGEAppNote_MAIN_Ver1.ASM
                     Open   0x001aee    program     static C:\DevKit\FuelGauge\AppNote\FUELGAUGEAppNote_MAIN_Ver1.ASM
                 Open_RB1   0x001b02    program     static C:\DevKit\FuelGauge\AppNote\FUELGAUGEAppNote_MAIN_Ver1.ASM
                 Open_RB2   0x001b16    program     static C:\DevKit\FuelGauge\AppNote\FUELGAUGEAppNote_MAIN_Ver1.ASM
                 Open_RB4   0x001b2a    program     static C:\DevKit\FuelGauge\AppNote\FUELGAUGEAppNote_MAIN_Ver1.ASM
                 Open_RB5   0x001b3e    program     static C:\DevKit\FuelGauge\AppNote\FUELGAUGEAppNote_MAIN_Ver1.ASM
                 Open_RB6   0x001b52    program     static C:\DevKit\FuelGauge\AppNote\FUELGAUGEAppNote_MAIN_Ver1.ASM
                 Open_RB7   0x001b66    program     static C:\DevKit\FuelGauge\AppNote\FUELGAUGEAppNote_MAIN_Ver1.ASM
          Prepare_ToBegin   0x001586    program     static C:\DevKit\FuelGauge\AppNote\FUELGAUGEAppNote_MAIN_Ver1.ASM
        Put_Negative_Sign   0x00006c    program     static C:\DevKit\FuelGauge\AppNote\FuelGauge_Write_LCD.ASM
      Put_Negative_Sign_I   0x0003ac    program     static C:\DevKit\FuelGauge\AppNote\FuelGauge_Write_LCD.ASM
        Put_Positive_Sign   0x00005e    program     static C:\DevKit\FuelGauge\AppNote\FuelGauge_Write_LCD.ASM
      Put_Positive_Sign_I   0x00039e    program     static C:\DevKit\FuelGauge\AppNote\FuelGauge_Write_LCD.ASM
            RB0_Interrupt   0x002872    program     static C:\DevKit\FuelGauge\AppNote\FUELGAUGEAppNote_MAIN_Ver1.ASM
            RB1_Interrupt   0x0028a6    program     static C:\DevKit\FuelGauge\AppNote\FUELGAUGEAppNote_MAIN_Ver1.ASM
            RB2_Interrupt   0x0028e0    program     static C:\DevKit\FuelGauge\AppNote\FUELGAUGEAppNote_MAIN_Ver1.ASM
             RESET_VECTOR   0x000000    program     static C:\DevKit\FuelGauge\AppNote\FUELGAUGEAppNote_MAIN_Ver1.ASM
         Read_ADC_3blocks   0x002222    program     static C:\DevKit\FuelGauge\AppNote\FuelGauge_ADC.asm
      Read_OneByte_400KHz   0x002248    program     static C:\DevKit\FuelGauge\AppNote\FuelGauge_ADC.asm
   Read_ReadyBit_firstBit   0x002290    program     static C:\DevKit\FuelGauge\AppNote\FuelGauge_ADC.asm
                 Read_bit   0x002214    program     static C:\DevKit\FuelGauge\AppNote\FuelGauge_ADC.asm
           Reading_ADC_U1   0x001c30    program     static C:\DevKit\FuelGauge\AppNote\FUELGAUGEAppNote_MAIN_Ver1.ASM
        Reading_ADC_Value   0x001650    program     static C:\DevKit\FuelGauge\AppNote\FUELGAUGEAppNote_MAIN_Ver1.ASM
            ReadyBit_Done   0x0022ba    program     static C:\DevKit\FuelGauge\AppNote\FuelGauge_ADC.asm
          RechargeBattery   0x001e10    program     static C:\DevKit\FuelGauge\AppNote\FUELGAUGEAppNote_MAIN_Ver1.ASM
      S1forBatteryConnect   0x0014dc    program     static C:\DevKit\FuelGauge\AppNote\FUELGAUGEAppNote_MAIN_Ver1.ASM
       S1forReadyToCharge   0x001e3a    program     static C:\DevKit\FuelGauge\AppNote\FUELGAUGEAppNote_MAIN_Ver1.ASM
        S1forReadyToStart   0x0014c4    program     static C:\DevKit\FuelGauge\AppNote\FUELGAUGEAppNote_MAIN_Ver1.ASM
          SKIP_LOOP_24x24   0x00272c    program     static C:\DevKit\FuelGauge\AppNote\FuelGauge_MathLib.asm
        SelectBatteryType   0x0014e6    program     static C:\DevKit\FuelGauge\AppNote\FUELGAUGEAppNote_MAIN_Ver1.ASM
           SendACK_400KHz   0x00240e    program     static C:\DevKit\FuelGauge\AppNote\FuelGauge_ADC.asm
       Send_Config_400KHz   0x0021ac    program     static C:\DevKit\FuelGauge\AppNote\FuelGauge_ADC.asm
       Send_NotACK_400KHz   0x002450    program     static C:\DevKit\FuelGauge\AppNote\FuelGauge_ADC.asm
      Send_StopBit_400KHz   0x0023b8    program     static C:\DevKit\FuelGauge\AppNote\FuelGauge_ADC.asm
   Send_pulse_high_400KHz   0x0023e2    program     static C:\DevKit\FuelGauge\AppNote\FuelGauge_ADC.asm
    Send_pulse_low_400KHz   0x0023f8    program     static C:\DevKit\FuelGauge\AppNote\FuelGauge_ADC.asm
               Set_Gain_1   0x001624    program     static C:\DevKit\FuelGauge\AppNote\FUELGAUGEAppNote_MAIN_Ver1.ASM
            Set_Gain_1_U1   0x001bfc    program     static C:\DevKit\FuelGauge\AppNote\FUELGAUGEAppNote_MAIN_Ver1.ASM
               Set_Gain_2   0x00162c    program     static C:\DevKit\FuelGauge\AppNote\FUELGAUGEAppNote_MAIN_Ver1.ASM
            Set_Gain_2_U1   0x001c06    program     static C:\DevKit\FuelGauge\AppNote\FUELGAUGEAppNote_MAIN_Ver1.ASM
               Set_Gain_4   0x001634    program     static C:\DevKit\FuelGauge\AppNote\FUELGAUGEAppNote_MAIN_Ver1.ASM
            Set_Gain_4_U1   0x001c10    program     static C:\DevKit\FuelGauge\AppNote\FUELGAUGEAppNote_MAIN_Ver1.ASM
               Set_Gain_8   0x00163c    program     static C:\DevKit\FuelGauge\AppNote\FUELGAUGEAppNote_MAIN_Ver1.ASM
            Set_Gain_8_U1   0x001c1a    program     static C:\DevKit\FuelGauge\AppNote\FUELGAUGEAppNote_MAIN_Ver1.ASM
               Shift_Bits   0x00226e    program     static C:\DevKit\FuelGauge\AppNote\FuelGauge_ADC.asm
            Simulation_U1   0x001c38    program     static C:\DevKit\FuelGauge\AppNote\FUELGAUGEAppNote_MAIN_Ver1.ASM
       SkipCalRemainFuels   0x0018c0    program     static C:\DevKit\FuelGauge\AppNote\FUELGAUGEAppNote_MAIN_Ver1.ASM
        Skip_DispFuelUsed   0x001a14    program     static C:\DevKit\FuelGauge\AppNote\FUELGAUGEAppNote_MAIN_Ver1.ASM
                    Start   0x00140e    program     static C:\DevKit\FuelGauge\AppNote\FUELGAUGEAppNote_MAIN_Ver1.ASM
           Start_Charging   0x001e10    program     static C:\DevKit\FuelGauge\AppNote\FUELGAUGEAppNote_MAIN_Ver1.ASM
   Start_DisPlay_I_Values   0x0003b6    program     static C:\DevKit\FuelGauge\AppNote\FuelGauge_Write_LCD.ASM
     Start_DisPlay_Values   0x000076    program     static C:\DevKit\FuelGauge\AppNote\FuelGauge_Write_LCD.ASM
           Start_Multiply   0x0026f2    program     static C:\DevKit\FuelGauge\AppNote\FuelGauge_MathLib.asm
    Start_VoltMeasurement   0x0015ee    program     static C:\DevKit\FuelGauge\AppNote\FUELGAUGEAppNote_MAIN_Ver1.ASM
         Start_bit_400KHz   0x00236a    program     static C:\DevKit\FuelGauge\AppNote\FuelGauge_ADC.asm
           Still_Charging   0x001e4c    program     static C:\DevKit\FuelGauge\AppNote\FUELGAUGEAppNote_MAIN_Ver1.ASM
            Stop_Charging   0x001ece    program     static C:\DevKit\FuelGauge\AppNote\FUELGAUGEAppNote_MAIN_Ver1.ASM
   Subtract_6Bytes_6Bytes   0x002554    program     extern C:\DevKit\FuelGauge\AppNote\FuelGauge_MathLib.asm
           Successful_sub   0x001924    program     static C:\DevKit\FuelGauge\AppNote\FUELGAUGEAppNote_MAIN_Ver1.ASM
          SwforChargeStop   0x001e88    program     static C:\DevKit\FuelGauge\AppNote\FUELGAUGEAppNote_MAIN_Ver1.ASM
                TC24_Exit   0x001adc    program     static C:\DevKit\FuelGauge\AppNote\FUELGAUGEAppNote_MAIN_Ver1.ASM
                   Tadjlp   0x00206a    program     static C:\DevKit\FuelGauge\AppNote\FUELGAUGEAppNote_MAIN_Ver1.ASM
                   Tbitlp   0x002050    program     static C:\DevKit\FuelGauge\AppNote\FUELGAUGEAppNote_MAIN_Ver1.ASM
                  Tclrdig   0x002086    program     static C:\DevKit\FuelGauge\AppNote\FUELGAUGEAppNote_MAIN_Ver1.ASM
              Test_3Bytes   0x002266    program     static C:\DevKit\FuelGauge\AppNote\FuelGauge_ADC.asm
              Test_Bit16A   0x001ba2    program     static C:\DevKit\FuelGauge\AppNote\FUELGAUGEAppNote_MAIN_Ver1.ASM
            Test_Bit16_U1   0x001c76    program     static C:\DevKit\FuelGauge\AppNote\FUELGAUGEAppNote_MAIN_Ver1.ASM
             Test_SDA_Pin   0x002266    program     static C:\DevKit\FuelGauge\AppNote\FuelGauge_ADC.asm
               TwosComp24   0x001ac6    program     static C:\DevKit\FuelGauge\AppNote\FUELGAUGEAppNote_MAIN_Ver1.ASM
          U5_x2Voltage_G1   0x002660    program     static C:\DevKit\FuelGauge\AppNote\FuelGauge_MathLib.asm
          U5_x2Voltage_G2   0x002686    program     static C:\DevKit\FuelGauge\AppNote\FuelGauge_MathLib.asm
          U5_x2Voltage_G4   0x0026ac    program     static C:\DevKit\FuelGauge\AppNote\FuelGauge_MathLib.asm
          U5_x2Voltage_G8   0x0026d2    program     static C:\DevKit\FuelGauge\AppNote\FuelGauge_MathLib.asm
        Volts_Measurement   0x00160e    program     static C:\DevKit\FuelGauge\AppNote\FUELGAUGEAppNote_MAIN_Ver1.ASM
          Wait_ForTMR0Int   0x001744    program     static C:\DevKit\FuelGauge\AppNote\FUELGAUGEAppNote_MAIN_Ver1.ASM
          Wait_RB1SW_done   0x0028bc    program     static C:\DevKit\FuelGauge\AppNote\FUELGAUGEAppNote_MAIN_Ver1.ASM
          Wait_RB2SW_done   0x0028fa    program     static C:\DevKit\FuelGauge\AppNote\FUELGAUGEAppNote_MAIN_Ver1.ASM
          Wait_RBOSW_done   0x00288a    program     static C:\DevKit\FuelGauge\AppNote\FUELGAUGEAppNote_MAIN_Ver1.ASM
        Wait_SW1Interrupt   0x001aa6    program     static C:\DevKit\FuelGauge\AppNote\FUELGAUGEAppNote_MAIN_Ver1.ASM
        Wait_SW3Interrupt   0x001ab2    program     static C:\DevKit\FuelGauge\AppNote\FUELGAUGEAppNote_MAIN_Ver1.ASM
     Wait_till_RB4SW_done   0x002982    program     static C:\DevKit\FuelGauge\AppNote\FUELGAUGEAppNote_MAIN_Ver1.ASM
     Wait_till_RB5SW_done   0x0029aa    program     static C:\DevKit\FuelGauge\AppNote\FUELGAUGEAppNote_MAIN_Ver1.ASM
     Wait_till_RB6SW_done   0x002932    program     static C:\DevKit\FuelGauge\AppNote\FUELGAUGEAppNote_MAIN_Ver1.ASM
     Wait_till_RB7SW_done   0x00295a    program     static C:\DevKit\FuelGauge\AppNote\FUELGAUGEAppNote_MAIN_Ver1.ASM
             WantToCharge   0x001e0e    program     static C:\DevKit\FuelGauge\AppNote\FUELGAUGEAppNote_MAIN_Ver1.ASM
                Write_bit   0x002196    program     static C:\DevKit\FuelGauge\AppNote\FuelGauge_ADC.asm
                bin16_bcd   0x0024ee    program     extern C:\DevKit\FuelGauge\AppNote\Binary_To_BCDConversion.asm
                 bin48dec   0x002046    program     static C:\DevKit\FuelGauge\AppNote\FUELGAUGEAppNote_MAIN_Ver1.ASM
                  bin_bcd   0x0024b6    program     extern C:\DevKit\FuelGauge\AppNote\Binary_To_BCDConversion.asm
                   d100l1   0x001a82    program     static C:\DevKit\FuelGauge\AppNote\FUELGAUGEAppNote_MAIN_Ver1.ASM
                     d1l1   0x001a98    program     static C:\DevKit\FuelGauge\AppNote\FUELGAUGEAppNote_MAIN_Ver1.ASM
                  d_write   0x00100c    program     extern C:\DevKit\FuelGauge\AppNote\FuelGauge_Write_LCD.ASM
              delay_100ms   0x001a78    program     extern C:\DevKit\FuelGauge\AppNote\FUELGAUGEAppNote_MAIN_Ver1.ASM
                 delay_1s   0x001a8c    program     extern C:\DevKit\FuelGauge\AppNote\FUELGAUGEAppNote_MAIN_Ver1.ASM
              delay_2_5us   0x002494    program     static C:\DevKit\FuelGauge\AppNote\FuelGauge_ADC.asm
                delay_5us   0x0024a0    program     static C:\DevKit\FuelGauge\AppNote\FuelGauge_ADC.asm
            digitT2_RFuel   0x000830    program     static C:\DevKit\FuelGauge\AppNote\FuelGauge_Write_LCD.ASM
            digitT3_RFuel   0x000804    program     static C:\DevKit\FuelGauge\AppNote\FuelGauge_Write_LCD.ASM
             digitT7_used   0x0009f0    program     static C:\DevKit\FuelGauge\AppNote\FuelGauge_Write_LCD.ASM
             digitT8_used   0x0009c4    program     static C:\DevKit\FuelGauge\AppNote\FuelGauge_Write_LCD.ASM
             digitT9_used   0x000998    program     static C:\DevKit\FuelGauge\AppNote\FuelGauge_Write_LCD.ASM
                    dloop   0x002788    program     static C:\DevKit\FuelGauge\AppNote\FuelGauge_MathLib.asm
                ghundreth   0x0024be    program     static C:\DevKit\FuelGauge\AppNote\Binary_To_BCDConversion.asm
                   gtenth   0x0024cc    program     static C:\DevKit\FuelGauge\AppNote\Binary_To_BCDConversion.asm
                  i_write   0x001014    program     extern C:\DevKit\FuelGauge\AppNote\FuelGauge_Write_LCD.ASM
                     lil1   0x00105e    program     static C:\DevKit\FuelGauge\AppNote\FuelGauge_Write_LCD.ASM
                     lil2   0x001078    program     static C:\DevKit\FuelGauge\AppNote\FuelGauge_Write_LCD.ASM
                    nochk   0x0027be    program     static C:\DevKit\FuelGauge\AppNote\FuelGauge_MathLib.asm
            nodec_remainM   0x0027da    program     static C:\DevKit\FuelGauge\AppNote\FuelGauge_MathLib.asm
                     nogo   0x0027f0    program     static C:\DevKit\FuelGauge\AppNote\FuelGauge_MathLib.asm
                     over   0x0024da    program     static C:\DevKit\FuelGauge\AppNote\Binary_To_BCDConversion.asm
       skip_simulation_U1   0x001c58    program     static C:\DevKit\FuelGauge\AppNote\FUELGAUGEAppNote_MAIN_Ver1.ASM
       skip_simulation_U5   0x001710    program     static C:\DevKit\FuelGauge\AppNote\FUELGAUGEAppNote_MAIN_Ver1.ASM
              stan_char_1   0x001a18    program     static C:\DevKit\FuelGauge\AppNote\FUELGAUGEAppNote_MAIN_Ver1.ASM
              stan_char_2   0x001a4a    program     static C:\DevKit\FuelGauge\AppNote\FUELGAUGEAppNote_MAIN_Ver1.ASM
         stan_next_char_1   0x001a3a    program     static C:\DevKit\FuelGauge\AppNote\FUELGAUGEAppNote_MAIN_Ver1.ASM
         stan_next_char_2   0x001a68    program     static C:\DevKit\FuelGauge\AppNote\FUELGAUGEAppNote_MAIN_Ver1.ASM
               stan_table   0x00130a    program     static C:\DevKit\FuelGauge\AppNote\FUELGAUGEAppNote_MAIN_Ver1.ASM
             sw1forCharge   0x001e06    program     static C:\DevKit\FuelGauge\AppNote\FUELGAUGEAppNote_MAIN_Ver1.ASM
             test_buzzer1   0x0015f4    program     static C:\DevKit\FuelGauge\AppNote\FUELGAUGEAppNote_MAIN_Ver1.ASM
       testing_Divider_U1   0x001ca6    program     static C:\DevKit\FuelGauge\AppNote\FUELGAUGEAppNote_MAIN_Ver1.ASM
                 ACK_Flag   0x0001a6       data     static C:\DevKit\FuelGauge\AppNote\FuelGauge_ADC.asm
                 ADC_Sign   0x000135       data     extern C:\DevKit\FuelGauge\AppNote\FUELGAUGEAppNote_MAIN_Ver1.ASM
               ADC_Value1   0x00012d       data     extern C:\DevKit\FuelGauge\AppNote\FUELGAUGEAppNote_MAIN_Ver1.ASM
          ADC_Value1_temp   0x000130       data     static C:\DevKit\FuelGauge\AppNote\FUELGAUGEAppNote_MAIN_Ver1.ASM
               ADC_Value2   0x00012e       data     extern C:\DevKit\FuelGauge\AppNote\FUELGAUGEAppNote_MAIN_Ver1.ASM
          ADC_Value2_temp   0x000131       data     static C:\DevKit\FuelGauge\AppNote\FUELGAUGEAppNote_MAIN_Ver1.ASM
               ADC_Value3   0x00012f       data     extern C:\DevKit\FuelGauge\AppNote\FUELGAUGEAppNote_MAIN_Ver1.ASM
          ADC_Value3_temp   0x000132       data     static C:\DevKit\FuelGauge\AppNote\FUELGAUGEAppNote_MAIN_Ver1.ASM
                 AddByteA   0x000148       data     extern C:\DevKit\FuelGauge\AppNote\FUELGAUGEAppNote_MAIN_Ver1.ASM
                 AddByteB   0x00014e       data     extern C:\DevKit\FuelGauge\AppNote\FUELGAUGEAppNote_MAIN_Ver1.ASM
                 BSR_Temp   0x000146       data     static C:\DevKit\FuelGauge\AppNote\FUELGAUGEAppNote_MAIN_Ver1.ASM
                 BitCount   0x000191       data     static C:\DevKit\FuelGauge\AppNote\FuelGauge_MathLib.asm
                  COUNTER   0x000181       data     static C:\DevKit\FuelGauge\AppNote\FuelGauge_Write_LCD.ASM
               COUNT_Bits   0x0001a8       data     static C:\DevKit\FuelGauge\AppNote\FuelGauge_ADC.asm
               COUNT_Byte   0x0001a9       data     static C:\DevKit\FuelGauge\AppNote\FuelGauge_ADC.asm
           Carry_AddTotal   0x000140       data     static C:\DevKit\FuelGauge\AppNote\FUELGAUGEAppNote_MAIN_Ver1.ASM
            Carry_fromAdd   0x000154       data     extern C:\DevKit\FuelGauge\AppNote\FUELGAUGEAppNote_MAIN_Ver1.ASM
              ChargingBat   0x00017b       data     static C:\DevKit\FuelGauge\AppNote\FUELGAUGEAppNote_MAIN_Ver1.ASM
              Config_Data   0x000133       data     extern C:\DevKit\FuelGauge\AppNote\FUELGAUGEAppNote_MAIN_Ver1.ASM
                    Count   0x00019b       data     static C:\DevKit\FuelGauge\AppNote\FuelGauge_MathLib.asm
             Current_Used   0x000155       data     static C:\DevKit\FuelGauge\AppNote\FUELGAUGEAppNote_MAIN_Ver1.ASM
           Delay_Returned   0x000177       data     static C:\DevKit\FuelGauge\AppNote\FUELGAUGEAppNote_MAIN_Ver1.ASM
            Disp_FuelUsed   0x000173       data     static C:\DevKit\FuelGauge\AppNote\FUELGAUGEAppNote_MAIN_Ver1.ASM
          Disp_RemainFuel   0x000174       data     static C:\DevKit\FuelGauge\AppNote\FUELGAUGEAppNote_MAIN_Ver1.ASM
                Dividend1   0x000137       data     extern C:\DevKit\FuelGauge\AppNote\FUELGAUGEAppNote_MAIN_Ver1.ASM
                Dividend2   0x000138       data     extern C:\DevKit\FuelGauge\AppNote\FUELGAUGEAppNote_MAIN_Ver1.ASM
                Dividend3   0x000139       data     extern C:\DevKit\FuelGauge\AppNote\FUELGAUGEAppNote_MAIN_Ver1.ASM
                Dividend4   0x00013a       data     extern C:\DevKit\FuelGauge\AppNote\FUELGAUGEAppNote_MAIN_Ver1.ASM
                Dividend5   0x00013b       data     extern C:\DevKit\FuelGauge\AppNote\FUELGAUGEAppNote_MAIN_Ver1.ASM
                Dividend6   0x00013c       data     extern C:\DevKit\FuelGauge\AppNote\FUELGAUGEAppNote_MAIN_Ver1.ASM
                 Divisor1   0x00013d       data     extern C:\DevKit\FuelGauge\AppNote\FUELGAUGEAppNote_MAIN_Ver1.ASM
                 Divisor2   0x00013e       data     extern C:\DevKit\FuelGauge\AppNote\FUELGAUGEAppNote_MAIN_Ver1.ASM
                 Divisor3   0x00013f       data     extern C:\DevKit\FuelGauge\AppNote\FUELGAUGEAppNote_MAIN_Ver1.ASM
                FSR0_TEMP   0x000142       data     static C:\DevKit\FuelGauge\AppNote\FUELGAUGEAppNote_MAIN_Ver1.ASM
             FirstPowered   0x00017c       data     static C:\DevKit\FuelGauge\AppNote\FUELGAUGEAppNote_MAIN_Ver1.ASM
           FoundFistDigit   0x000115       data     extern C:\DevKit\FuelGauge\AppNote\FUELGAUGEAppNote_MAIN_Ver1.ASM
            Gain_Selected   0x000136       data     extern C:\DevKit\FuelGauge\AppNote\FUELGAUGEAppNote_MAIN_Ver1.ASM
             HigherThan4V   0x00017f       data     static C:\DevKit\FuelGauge\AppNote\FUELGAUGEAppNote_MAIN_Ver1.ASM
                     Hund   0x0001a3       data     static C:\DevKit\FuelGauge\AppNote\Binary_To_BCDConversion.asm
                    INNER   0x000179       data     static C:\DevKit\FuelGauge\AppNote\FUELGAUGEAppNote_MAIN_Ver1.ASM
              I_Init1_mAH   0x000167       data     static C:\DevKit\FuelGauge\AppNote\FUELGAUGEAppNote_MAIN_Ver1.ASM
              I_Init2_mAH   0x000168       data     static C:\DevKit\FuelGauge\AppNote\FUELGAUGEAppNote_MAIN_Ver1.ASM
              I_Init3_mAH   0x000169       data     static C:\DevKit\FuelGauge\AppNote\FUELGAUGEAppNote_MAIN_Ver1.ASM
              I_Init4_mAH   0x00016a       data     static C:\DevKit\FuelGauge\AppNote\FUELGAUGEAppNote_MAIN_Ver1.ASM
              I_Init5_mAH   0x00016b       data     static C:\DevKit\FuelGauge\AppNote\FUELGAUGEAppNote_MAIN_Ver1.ASM
              I_Init6_mAH   0x00016c       data     static C:\DevKit\FuelGauge\AppNote\FUELGAUGEAppNote_MAIN_Ver1.ASM
               I_Init_uAS   0x00016d       data     static C:\DevKit\FuelGauge\AppNote\FUELGAUGEAppNote_MAIN_Ver1.ASM
            I_remain_mAH1   0x000161       data     static C:\DevKit\FuelGauge\AppNote\FUELGAUGEAppNote_MAIN_Ver1.ASM
            I_remain_mAH2   0x000162       data     static C:\DevKit\FuelGauge\AppNote\FUELGAUGEAppNote_MAIN_Ver1.ASM
            I_remain_mAH3   0x000163       data     static C:\DevKit\FuelGauge\AppNote\FUELGAUGEAppNote_MAIN_Ver1.ASM
            I_remain_mAH4   0x000164       data     static C:\DevKit\FuelGauge\AppNote\FUELGAUGEAppNote_MAIN_Ver1.ASM
            I_remain_mAH5   0x000165       data     static C:\DevKit\FuelGauge\AppNote\FUELGAUGEAppNote_MAIN_Ver1.ASM
            I_remain_mAH6   0x000166       data     static C:\DevKit\FuelGauge\AppNote\FUELGAUGEAppNote_MAIN_Ver1.ASM
             I_remain_uAS   0x00015b       data     static C:\DevKit\FuelGauge\AppNote\FUELGAUGEAppNote_MAIN_Ver1.ASM
           IsitForU5_Volt   0x000134       data     extern C:\DevKit\FuelGauge\AppNote\FUELGAUGEAppNote_MAIN_Ver1.ASM
                      LSD   0x00019c       data     extern C:\DevKit\FuelGauge\AppNote\Binary_To_BCDConversion.asm
            LessThan1or2V   0x00017d       data     static C:\DevKit\FuelGauge\AppNote\FUELGAUGEAppNote_MAIN_Ver1.ASM
           LowerThan0_75V   0x00017e       data     static C:\DevKit\FuelGauge\AppNote\FUELGAUGEAppNote_MAIN_Ver1.ASM
                      MSD   0x00019e       data     extern C:\DevKit\FuelGauge\AppNote\Binary_To_BCDConversion.asm
                      MsD   0x00019d       data     extern C:\DevKit\FuelGauge\AppNote\Binary_To_BCDConversion.asm
              Multipland1   0x000121       data     extern C:\DevKit\FuelGauge\AppNote\FUELGAUGEAppNote_MAIN_Ver1.ASM
              Multipland2   0x000122       data     extern C:\DevKit\FuelGauge\AppNote\FUELGAUGEAppNote_MAIN_Ver1.ASM
              Multipland3   0x000123       data     extern C:\DevKit\FuelGauge\AppNote\FUELGAUGEAppNote_MAIN_Ver1.ASM
              Multiplier1   0x000124       data     extern C:\DevKit\FuelGauge\AppNote\FUELGAUGEAppNote_MAIN_Ver1.ASM
              Multiplier2   0x000127       data     extern C:\DevKit\FuelGauge\AppNote\FUELGAUGEAppNote_MAIN_Ver1.ASM
              Multiplier3   0x00012a       data     extern C:\DevKit\FuelGauge\AppNote\FUELGAUGEAppNote_MAIN_Ver1.ASM
            NotChargedBat   0x000180       data     static C:\DevKit\FuelGauge\AppNote\FUELGAUGEAppNote_MAIN_Ver1.ASM
                     NumH   0x00019f       data     static C:\DevKit\FuelGauge\AppNote\Binary_To_BCDConversion.asm
                     NumL   0x0001a0       data     static C:\DevKit\FuelGauge\AppNote\Binary_To_BCDConversion.asm
                    OUTER   0x000178       data     static C:\DevKit\FuelGauge\AppNote\FUELGAUGEAppNote_MAIN_Ver1.ASM
                     Ones   0x0001a5       data     static C:\DevKit\FuelGauge\AppNote\Binary_To_BCDConversion.asm
              PCLATH_TEMP   0x000143       data     static C:\DevKit\FuelGauge\AppNote\FUELGAUGEAppNote_MAIN_Ver1.ASM
           PORTBInt_Found   0x00017a       data     static C:\DevKit\FuelGauge\AppNote\FUELGAUGEAppNote_MAIN_Ver1.ASM
                 Product1   0x00011b       data     extern C:\DevKit\FuelGauge\AppNote\FUELGAUGEAppNote_MAIN_Ver1.ASM
                 Product2   0x00011c       data     extern C:\DevKit\FuelGauge\AppNote\FUELGAUGEAppNote_MAIN_Ver1.ASM
                 Product3   0x00011d       data     extern C:\DevKit\FuelGauge\AppNote\FUELGAUGEAppNote_MAIN_Ver1.ASM
                 Product4   0x00011e       data     extern C:\DevKit\FuelGauge\AppNote\FUELGAUGEAppNote_MAIN_Ver1.ASM
                 Product5   0x00011f       data     extern C:\DevKit\FuelGauge\AppNote\FUELGAUGEAppNote_MAIN_Ver1.ASM
                 Product6   0x000120       data     extern C:\DevKit\FuelGauge\AppNote\FUELGAUGEAppNote_MAIN_Ver1.ASM
             RB0Int_Found   0x000175       data     static C:\DevKit\FuelGauge\AppNote\FUELGAUGEAppNote_MAIN_Ver1.ASM
             ReadyBitFlag   0x0001a7       data     static C:\DevKit\FuelGauge\AppNote\FuelGauge_ADC.asm
                     Rem1   0x000198       data     static C:\DevKit\FuelGauge\AppNote\FuelGauge_MathLib.asm
                     Rem2   0x000199       data     static C:\DevKit\FuelGauge\AppNote\FuelGauge_MathLib.asm
                     Rem3   0x00019a       data     static C:\DevKit\FuelGauge\AppNote\FuelGauge_MathLib.asm
              STATUS_TEMP   0x000144       data     static C:\DevKit\FuelGauge\AppNote\FUELGAUGEAppNote_MAIN_Ver1.ASM
            SelBettryType   0x000176       data     static C:\DevKit\FuelGauge\AppNote\FUELGAUGEAppNote_MAIN_Ver1.ASM
                   Shift1   0x000192       data     static C:\DevKit\FuelGauge\AppNote\FuelGauge_MathLib.asm
                   Shift2   0x000193       data     static C:\DevKit\FuelGauge\AppNote\FuelGauge_MathLib.asm
                   Shift3   0x000194       data     static C:\DevKit\FuelGauge\AppNote\FuelGauge_MathLib.asm
                   Shift4   0x000195       data     static C:\DevKit\FuelGauge\AppNote\FuelGauge_MathLib.asm
                   Shift5   0x000196       data     static C:\DevKit\FuelGauge\AppNote\FuelGauge_MathLib.asm
                   Shift6   0x000197       data     static C:\DevKit\FuelGauge\AppNote\FuelGauge_MathLib.asm
            SubtractByteA   0x000185       data     extern C:\DevKit\FuelGauge\AppNote\FuelGauge_MathLib.asm
            SubtractByteB   0x00018b       data     extern C:\DevKit\FuelGauge\AppNote\FuelGauge_MathLib.asm
                     TenK   0x0001a1       data     static C:\DevKit\FuelGauge\AppNote\Binary_To_BCDConversion.asm
                     Tens   0x0001a4       data     static C:\DevKit\FuelGauge\AppNote\Binary_To_BCDConversion.asm
                     Thou   0x0001a2       data     static C:\DevKit\FuelGauge\AppNote\Binary_To_BCDConversion.asm
         Timer0_Interrupt   0x000147       data     static C:\DevKit\FuelGauge\AppNote\FUELGAUGEAppNote_MAIN_Ver1.ASM
         Voltage_Dispayed   0x000141       data     static C:\DevKit\FuelGauge\AppNote\FUELGAUGEAppNote_MAIN_Ver1.ASM
                   W_TEMP   0x000145       data     static C:\DevKit\FuelGauge\AppNote\FUELGAUGEAppNote_MAIN_Ver1.ASM
                   bitcnt   0x000100       data     static C:\DevKit\FuelGauge\AppNote\FUELGAUGEAppNote_MAIN_Ver1.ASM
                  countT1   0x000102       data     static C:\DevKit\FuelGauge\AppNote\FUELGAUGEAppNote_MAIN_Ver1.ASM
                  countT2   0x000103       data     static C:\DevKit\FuelGauge\AppNote\FUELGAUGEAppNote_MAIN_Ver1.ASM
                  countT3   0x000104       data     static C:\DevKit\FuelGauge\AppNote\FUELGAUGEAppNote_MAIN_Ver1.ASM
                  countT4   0x000105       data     static C:\DevKit\FuelGauge\AppNote\FUELGAUGEAppNote_MAIN_Ver1.ASM
                  countT5   0x000106       data     static C:\DevKit\FuelGauge\AppNote\FUELGAUGEAppNote_MAIN_Ver1.ASM
                  countT6   0x000107       data     static C:\DevKit\FuelGauge\AppNote\FUELGAUGEAppNote_MAIN_Ver1.ASM
                    delay   0x000182       data     static C:\DevKit\FuelGauge\AppNote\FuelGauge_Write_LCD.ASM
                   digcnt   0x000101       data     static C:\DevKit\FuelGauge\AppNote\FUELGAUGEAppNote_MAIN_Ver1.ASM
                  digitT1   0x000108       data     extern C:\DevKit\FuelGauge\AppNote\FUELGAUGEAppNote_MAIN_Ver1.ASM
                 digitT10   0x000111       data     extern C:\DevKit\FuelGauge\AppNote\FUELGAUGEAppNote_MAIN_Ver1.ASM
                 digitT11   0x000112       data     extern C:\DevKit\FuelGauge\AppNote\FUELGAUGEAppNote_MAIN_Ver1.ASM
                 digitT12   0x000113       data     extern C:\DevKit\FuelGauge\AppNote\FUELGAUGEAppNote_MAIN_Ver1.ASM
                 digitT13   0x000114       data     extern C:\DevKit\FuelGauge\AppNote\FUELGAUGEAppNote_MAIN_Ver1.ASM
                  digitT2   0x000109       data     extern C:\DevKit\FuelGauge\AppNote\FUELGAUGEAppNote_MAIN_Ver1.ASM
                  digitT3   0x00010a       data     extern C:\DevKit\FuelGauge\AppNote\FUELGAUGEAppNote_MAIN_Ver1.ASM
                  digitT4   0x00010b       data     extern C:\DevKit\FuelGauge\AppNote\FUELGAUGEAppNote_MAIN_Ver1.ASM
                  digitT5   0x00010c       data     extern C:\DevKit\FuelGauge\AppNote\FUELGAUGEAppNote_MAIN_Ver1.ASM
                  digitT6   0x00010d       data     extern C:\DevKit\FuelGauge\AppNote\FUELGAUGEAppNote_MAIN_Ver1.ASM
                  digitT7   0x00010e       data     extern C:\DevKit\FuelGauge\AppNote\FUELGAUGEAppNote_MAIN_Ver1.ASM
                  digitT8   0x00010f       data     extern C:\DevKit\FuelGauge\AppNote\FUELGAUGEAppNote_MAIN_Ver1.ASM
                  digitT9   0x000110       data     extern C:\DevKit\FuelGauge\AppNote\FUELGAUGEAppNote_MAIN_Ver1.ASM
                ptr_count   0x000117       data     static C:\DevKit\FuelGauge\AppNote\FUELGAUGEAppNote_MAIN_Ver1.ASM
                  ptr_pos   0x000116       data     static C:\DevKit\FuelGauge\AppNote\FUELGAUGEAppNote_MAIN_Ver1.ASM
                   temp_1   0x000118       data     static C:\DevKit\FuelGauge\AppNote\FUELGAUGEAppNote_MAIN_Ver1.ASM
                   temp_2   0x000119       data     static C:\DevKit\FuelGauge\AppNote\FUELGAUGEAppNote_MAIN_Ver1.ASM
                   temp_3   0x00011a       data     static C:\DevKit\FuelGauge\AppNote\FUELGAUGEAppNote_MAIN_Ver1.ASM
                  temp_rd   0x000184       data     static C:\DevKit\FuelGauge\AppNote\FuelGauge_Write_LCD.ASM
                  temp_wr   0x000183       data     extern C:\DevKit\FuelGauge\AppNote\FuelGauge_Write_LCD.ASM



                              Symbols - Sorted by Address
                     Name    Address   Location    Storage File                     
                ---------  ---------  ---------  --------- ---------                
             RESET_VECTOR   0x000000    program     static C:\DevKit\FuelGauge\AppNote\FUELGAUGEAppNote_MAIN_Ver1.ASM
          Display_Results   0x00002c    program     extern C:\DevKit\FuelGauge\AppNote\FuelGauge_Write_LCD.ASM
    Display_Results_Volts   0x00002c    program     extern C:\DevKit\FuelGauge\AppNote\FuelGauge_Write_LCD.ASM
        Put_Positive_Sign   0x00005e    program     static C:\DevKit\FuelGauge\AppNote\FuelGauge_Write_LCD.ASM
        Put_Negative_Sign   0x00006c    program     static C:\DevKit\FuelGauge\AppNote\FuelGauge_Write_LCD.ASM
     Start_DisPlay_Values   0x000076    program     static C:\DevKit\FuelGauge\AppNote\FuelGauge_Write_LCD.ASM
             DisVForGain1   0x00008a    program     static C:\DevKit\FuelGauge\AppNote\FuelGauge_Write_LCD.ASM
             DisVForGain2   0x00014a    program     static C:\DevKit\FuelGauge\AppNote\FuelGauge_Write_LCD.ASM
             DisVForGain4   0x000214    program     static C:\DevKit\FuelGauge\AppNote\FuelGauge_Write_LCD.ASM
             DisVForGain8   0x0002c0    program     static C:\DevKit\FuelGauge\AppNote\FuelGauge_Write_LCD.ASM
  Display_Results_Current   0x00036c    program     extern C:\DevKit\FuelGauge\AppNote\FuelGauge_Write_LCD.ASM
      Put_Positive_Sign_I   0x00039e    program     static C:\DevKit\FuelGauge\AppNote\FuelGauge_Write_LCD.ASM
      Put_Negative_Sign_I   0x0003ac    program     static C:\DevKit\FuelGauge\AppNote\FuelGauge_Write_LCD.ASM
   Start_DisPlay_I_Values   0x0003b6    program     static C:\DevKit\FuelGauge\AppNote\FuelGauge_Write_LCD.ASM
             DisIForGain1   0x0003c4    program     static C:\DevKit\FuelGauge\AppNote\FuelGauge_Write_LCD.ASM
             DisIForGain2   0x00047a    program     static C:\DevKit\FuelGauge\AppNote\FuelGauge_Write_LCD.ASM
             DisIForGain4   0x00052e    program     static C:\DevKit\FuelGauge\AppNote\FuelGauge_Write_LCD.ASM
             DisIForGain8   0x0005e4    program     static C:\DevKit\FuelGauge\AppNote\FuelGauge_Write_LCD.ASM
        Disp_FuelRemPerct   0x00069a    program     extern C:\DevKit\FuelGauge\AppNote\FuelGauge_Write_LCD.ASM
          LessThan_99Pcnt   0x000704    program     static C:\DevKit\FuelGauge\AppNote\FuelGauge_Write_LCD.ASM
          Disp_FuelRemmAH   0x000792    program     extern C:\DevKit\FuelGauge\AppNote\FuelGauge_Write_LCD.ASM
        ChekDigitT3_RFuel   0x0007f0    program     static C:\DevKit\FuelGauge\AppNote\FuelGauge_Write_LCD.ASM
            digitT3_RFuel   0x000804    program     static C:\DevKit\FuelGauge\AppNote\FuelGauge_Write_LCD.ASM
        ChekDigitT2_RFuel   0x00081c    program     static C:\DevKit\FuelGauge\AppNote\FuelGauge_Write_LCD.ASM
            digitT2_RFuel   0x000830    program     static C:\DevKit\FuelGauge\AppNote\FuelGauge_Write_LCD.ASM
        ChekDigitT1_RFuel   0x000848    program     static C:\DevKit\FuelGauge\AppNote\FuelGauge_Write_LCD.ASM
         Display_FuelUsed   0x0008b2    program     extern C:\DevKit\FuelGauge\AppNote\FuelGauge_Write_LCD.ASM
        ChekDigitT9_UsedF   0x000984    program     static C:\DevKit\FuelGauge\AppNote\FuelGauge_Write_LCD.ASM
             digitT9_used   0x000998    program     static C:\DevKit\FuelGauge\AppNote\FuelGauge_Write_LCD.ASM
        ChekDigitT8_UsedF   0x0009b0    program     static C:\DevKit\FuelGauge\AppNote\FuelGauge_Write_LCD.ASM
             digitT8_used   0x0009c4    program     static C:\DevKit\FuelGauge\AppNote\FuelGauge_Write_LCD.ASM
        ChekDigitT7_UsedF   0x0009dc    program     static C:\DevKit\FuelGauge\AppNote\FuelGauge_Write_LCD.ASM
             digitT7_used   0x0009f0    program     static C:\DevKit\FuelGauge\AppNote\FuelGauge_Write_LCD.ASM
        ChekDigitT6_UsedF   0x000a04    program     static C:\DevKit\FuelGauge\AppNote\FuelGauge_Write_LCD.ASM
     Disp_StdUnderCharged   0x000abe    program     extern C:\DevKit\FuelGauge\AppNote\FuelGauge_Write_LCD.ASM
     Disp_ChargeCompleted   0x000b44    program     extern C:\DevKit\FuelGauge\AppNote\FuelGauge_Write_LCD.ASM
             Disp_PressS1   0x000bca    program     extern C:\DevKit\FuelGauge\AppNote\FuelGauge_Write_LCD.ASM
       Disp_DisconnectJP2   0x000c50    program     extern C:\DevKit\FuelGauge\AppNote\FuelGauge_Write_LCD.ASM
          Disp_ConnectJP1   0x000cd6    program     extern C:\DevKit\FuelGauge\AppNote\FuelGauge_Write_LCD.ASM
   Disp_BatLowerThan0_75V   0x000d5c    program     extern C:\DevKit\FuelGauge\AppNote\FuelGauge_Write_LCD.ASM
        Disp_PlseWaitAtL1   0x000de2    program     extern C:\DevKit\FuelGauge\AppNote\FuelGauge_Write_LCD.ASM
            Disp_InitAtL2   0x000e68    program     extern C:\DevKit\FuelGauge\AppNote\FuelGauge_Write_LCD.ASM
        Disp_ConntBattery   0x000eee    program     extern C:\DevKit\FuelGauge\AppNote\FuelGauge_Write_LCD.ASM
       Disp_AtTP9_PressS1   0x000f74    program     extern C:\DevKit\FuelGauge\AppNote\FuelGauge_Write_LCD.ASM
                LCDLine_1   0x000ffa    program     extern C:\DevKit\FuelGauge\AppNote\FuelGauge_Write_LCD.ASM
                LCDLine_2   0x001004    program     extern C:\DevKit\FuelGauge\AppNote\FuelGauge_Write_LCD.ASM
                  d_write   0x00100c    program     extern C:\DevKit\FuelGauge\AppNote\FuelGauge_Write_LCD.ASM
                  i_write   0x001014    program     extern C:\DevKit\FuelGauge\AppNote\FuelGauge_Write_LCD.ASM
                  LCDInit   0x00101c    program     extern C:\DevKit\FuelGauge\AppNote\FuelGauge_Write_LCD.ASM
                     lil1   0x00105e    program     static C:\DevKit\FuelGauge\AppNote\FuelGauge_Write_LCD.ASM
                     lil2   0x001078    program     static C:\DevKit\FuelGauge\AppNote\FuelGauge_Write_LCD.ASM
           LCDWriteNibble   0x00113a    program     static C:\DevKit\FuelGauge\AppNote\FuelGauge_Write_LCD.ASM
                 LCDWrite   0x00117a    program     extern C:\DevKit\FuelGauge\AppNote\FuelGauge_Write_LCD.ASM
                  LCDRead   0x001186    program     static C:\DevKit\FuelGauge\AppNote\FuelGauge_Write_LCD.ASM
                    FinRd   0x001200    program     static C:\DevKit\FuelGauge\AppNote\FuelGauge_Write_LCD.ASM
                  LCDBusy   0x001202    program     extern C:\DevKit\FuelGauge\AppNote\FuelGauge_Write_LCD.ASM
             DelayXCycles   0x001218    program     static C:\DevKit\FuelGauge\AppNote\FuelGauge_Write_LCD.ASM
                 Delay1ms   0x00121e    program     static C:\DevKit\FuelGauge\AppNote\FuelGauge_Write_LCD.ASM
                  Delay_1   0x001222    program     static C:\DevKit\FuelGauge\AppNote\FuelGauge_Write_LCD.ASM
                Delay30ms   0x00122c    program     static C:\DevKit\FuelGauge\AppNote\FuelGauge_Write_LCD.ASM
                LongDelay   0x0012d6    program     static C:\DevKit\FuelGauge\AppNote\FuelGauge_Write_LCD.ASM
            LongDelayLast   0x0012fc    program     static C:\DevKit\FuelGauge\AppNote\FuelGauge_Write_LCD.ASM
               stan_table   0x00130a    program     static C:\DevKit\FuelGauge\AppNote\FUELGAUGEAppNote_MAIN_Ver1.ASM
                    Start   0x00140e    program     static C:\DevKit\FuelGauge\AppNote\FUELGAUGEAppNote_MAIN_Ver1.ASM
        S1forReadyToStart   0x0014c4    program     static C:\DevKit\FuelGauge\AppNote\FUELGAUGEAppNote_MAIN_Ver1.ASM
      S1forBatteryConnect   0x0014dc    program     static C:\DevKit\FuelGauge\AppNote\FUELGAUGEAppNote_MAIN_Ver1.ASM
        SelectBatteryType   0x0014e6    program     static C:\DevKit\FuelGauge\AppNote\FUELGAUGEAppNote_MAIN_Ver1.ASM
            CheckRB0orRB1   0x001502    program     static C:\DevKit\FuelGauge\AppNote\FUELGAUGEAppNote_MAIN_Ver1.ASM
       CheckifSW2Selected   0x00151a    program     static C:\DevKit\FuelGauge\AppNote\FUELGAUGEAppNote_MAIN_Ver1.ASM
              Bat_AAA1_5V   0x00152e    program     static C:\DevKit\FuelGauge\AppNote\FUELGAUGEAppNote_MAIN_Ver1.ASM
           Battery_Inused   0x001558    program     static C:\DevKit\FuelGauge\AppNote\FUELGAUGEAppNote_MAIN_Ver1.ASM
         Bat_LiPoly170mAH   0x001558    program     static C:\DevKit\FuelGauge\AppNote\FUELGAUGEAppNote_MAIN_Ver1.ASM
          Prepare_ToBegin   0x001586    program     static C:\DevKit\FuelGauge\AppNote\FUELGAUGEAppNote_MAIN_Ver1.ASM
     BatterySelted_170mAh   0x001592    program     static C:\DevKit\FuelGauge\AppNote\FUELGAUGEAppNote_MAIN_Ver1.ASM
    BatterySelted_1000mAh   0x0015be    program     static C:\DevKit\FuelGauge\AppNote\FUELGAUGEAppNote_MAIN_Ver1.ASM
    Start_VoltMeasurement   0x0015ee    program     static C:\DevKit\FuelGauge\AppNote\FUELGAUGEAppNote_MAIN_Ver1.ASM
             test_buzzer1   0x0015f4    program     static C:\DevKit\FuelGauge\AppNote\FUELGAUGEAppNote_MAIN_Ver1.ASM
        Volts_Measurement   0x00160e    program     static C:\DevKit\FuelGauge\AppNote\FUELGAUGEAppNote_MAIN_Ver1.ASM
               Set_Gain_1   0x001624    program     static C:\DevKit\FuelGauge\AppNote\FUELGAUGEAppNote_MAIN_Ver1.ASM
               Set_Gain_2   0x00162c    program     static C:\DevKit\FuelGauge\AppNote\FUELGAUGEAppNote_MAIN_Ver1.ASM
               Set_Gain_4   0x001634    program     static C:\DevKit\FuelGauge\AppNote\FUELGAUGEAppNote_MAIN_Ver1.ASM
               Set_Gain_8   0x00163c    program     static C:\DevKit\FuelGauge\AppNote\FUELGAUGEAppNote_MAIN_Ver1.ASM
            Now_WriteConf   0x001644    program     static C:\DevKit\FuelGauge\AppNote\FUELGAUGEAppNote_MAIN_Ver1.ASM
        Reading_ADC_Value   0x001650    program     static C:\DevKit\FuelGauge\AppNote\FUELGAUGEAppNote_MAIN_Ver1.ASM
          DoforAAABattery   0x001684    program     static C:\DevKit\FuelGauge\AppNote\FUELGAUGEAppNote_MAIN_Ver1.ASM
           DoforLiPolymer   0x0016a4    program     static C:\DevKit\FuelGauge\AppNote\FUELGAUGEAppNote_MAIN_Ver1.ASM
          ItsUnderChaging   0x0016b0    program     static C:\DevKit\FuelGauge\AppNote\FUELGAUGEAppNote_MAIN_Ver1.ASM
        NotInChargingMode   0x0016b8    program     static C:\DevKit\FuelGauge\AppNote\FUELGAUGEAppNote_MAIN_Ver1.ASM
          ChkIfChargedBat   0x0016c4    program     static C:\DevKit\FuelGauge\AppNote\FUELGAUGEAppNote_MAIN_Ver1.ASM
       ItsFullyChargedBat   0x0016e0    program     static C:\DevKit\FuelGauge\AppNote\FUELGAUGEAppNote_MAIN_Ver1.ASM
        CheckIfLessThan2V   0x0016e8    program     static C:\DevKit\FuelGauge\AppNote\FUELGAUGEAppNote_MAIN_Ver1.ASM
       Comput_BatteryFuel   0x001710    program     static C:\DevKit\FuelGauge\AppNote\FUELGAUGEAppNote_MAIN_Ver1.ASM
       skip_simulation_U5   0x001710    program     static C:\DevKit\FuelGauge\AppNote\FUELGAUGEAppNote_MAIN_Ver1.ASM
      Continue_NormalMeas   0x001710    program     static C:\DevKit\FuelGauge\AppNote\FUELGAUGEAppNote_MAIN_Ver1.ASM
    CurrentMult_Timer0Int   0x001710    program     static C:\DevKit\FuelGauge\AppNote\FUELGAUGEAppNote_MAIN_Ver1.ASM
          Wait_ForTMR0Int   0x001744    program     static C:\DevKit\FuelGauge\AppNote\FUELGAUGEAppNote_MAIN_Ver1.ASM
           Add_IforNtimes   0x001754    program     static C:\DevKit\FuelGauge\AppNote\FUELGAUGEAppNote_MAIN_Ver1.ASM
        Keep_AddsCurrents   0x001760    program     static C:\DevKit\FuelGauge\AppNote\FUELGAUGEAppNote_MAIN_Ver1.ASM
       Current_NoTimerInt   0x001782    program     static C:\DevKit\FuelGauge\AppNote\FUELGAUGEAppNote_MAIN_Ver1.ASM
         Done_CurrentXInt   0x001782    program     static C:\DevKit\FuelGauge\AppNote\FUELGAUGEAppNote_MAIN_Ver1.ASM
   Add_toTotalCurrentUsed   0x00178c    program     static C:\DevKit\FuelGauge\AppNote\FUELGAUGEAppNote_MAIN_Ver1.ASM
 Add_toTotalCurrentRemain   0x0017c8    program     static C:\DevKit\FuelGauge\AppNote\FUELGAUGEAppNote_MAIN_Ver1.ASM
     Check_IfOverCharging   0x0017cc    program     static C:\DevKit\FuelGauge\AppNote\FUELGAUGEAppNote_MAIN_Ver1.ASM
             FullyCharged   0x00180e    program     static C:\DevKit\FuelGauge\AppNote\FUELGAUGEAppNote_MAIN_Ver1.ASM
          Ok_ToAddCurrent   0x001812    program     static C:\DevKit\FuelGauge\AppNote\FUELGAUGEAppNote_MAIN_Ver1.ASM
    Display_TotalUsedFuel   0x00184a    program     static C:\DevKit\FuelGauge\AppNote\FUELGAUGEAppNote_MAIN_Ver1.ASM
         Display_UsedFuel   0x0018a2    program     static C:\DevKit\FuelGauge\AppNote\FUELGAUGEAppNote_MAIN_Ver1.ASM
         Calc_RemainFuels   0x0018b8    program     static C:\DevKit\FuelGauge\AppNote\FUELGAUGEAppNote_MAIN_Ver1.ASM
       SkipCalRemainFuels   0x0018c0    program     static C:\DevKit\FuelGauge\AppNote\FUELGAUGEAppNote_MAIN_Ver1.ASM
         DoCalRemainFuels   0x0018de    program     static C:\DevKit\FuelGauge\AppNote\FUELGAUGEAppNote_MAIN_Ver1.ASM
          FullyDischarged   0x001920    program     static C:\DevKit\FuelGauge\AppNote\FUELGAUGEAppNote_MAIN_Ver1.ASM
           Successful_sub   0x001924    program     static C:\DevKit\FuelGauge\AppNote\FUELGAUGEAppNote_MAIN_Ver1.ASM
          Convert_uATomAH   0x00193e    program     static C:\DevKit\FuelGauge\AppNote\FUELGAUGEAppNote_MAIN_Ver1.ASM
        Skip_DispFuelUsed   0x001a14    program     static C:\DevKit\FuelGauge\AppNote\FUELGAUGEAppNote_MAIN_Ver1.ASM
              stan_char_1   0x001a18    program     static C:\DevKit\FuelGauge\AppNote\FUELGAUGEAppNote_MAIN_Ver1.ASM
         stan_next_char_1   0x001a3a    program     static C:\DevKit\FuelGauge\AppNote\FUELGAUGEAppNote_MAIN_Ver1.ASM
              stan_char_2   0x001a4a    program     static C:\DevKit\FuelGauge\AppNote\FUELGAUGEAppNote_MAIN_Ver1.ASM
         stan_next_char_2   0x001a68    program     static C:\DevKit\FuelGauge\AppNote\FUELGAUGEAppNote_MAIN_Ver1.ASM
              delay_100ms   0x001a78    program     extern C:\DevKit\FuelGauge\AppNote\FUELGAUGEAppNote_MAIN_Ver1.ASM
                   d100l1   0x001a82    program     static C:\DevKit\FuelGauge\AppNote\FUELGAUGEAppNote_MAIN_Ver1.ASM
                 delay_1s   0x001a8c    program     extern C:\DevKit\FuelGauge\AppNote\FUELGAUGEAppNote_MAIN_Ver1.ASM
                     d1l1   0x001a98    program     static C:\DevKit\FuelGauge\AppNote\FUELGAUGEAppNote_MAIN_Ver1.ASM
       Delay_SW1Interrupt   0x001aa6    program     static C:\DevKit\FuelGauge\AppNote\FUELGAUGEAppNote_MAIN_Ver1.ASM
        Wait_SW1Interrupt   0x001aa6    program     static C:\DevKit\FuelGauge\AppNote\FUELGAUGEAppNote_MAIN_Ver1.ASM
        Wait_SW3Interrupt   0x001ab2    program     static C:\DevKit\FuelGauge\AppNote\FUELGAUGEAppNote_MAIN_Ver1.ASM
       Delay_SW3Interrupt   0x001ab6    program     static C:\DevKit\FuelGauge\AppNote\FUELGAUGEAppNote_MAIN_Ver1.ASM
               TwosComp24   0x001ac6    program     static C:\DevKit\FuelGauge\AppNote\FUELGAUGEAppNote_MAIN_Ver1.ASM
                TC24_Exit   0x001adc    program     static C:\DevKit\FuelGauge\AppNote\FUELGAUGEAppNote_MAIN_Ver1.ASM
             Debounce_RB0   0x001ade    program     static C:\DevKit\FuelGauge\AppNote\FUELGAUGEAppNote_MAIN_Ver1.ASM
                   Closed   0x001aec    program     static C:\DevKit\FuelGauge\AppNote\FUELGAUGEAppNote_MAIN_Ver1.ASM
                     Open   0x001aee    program     static C:\DevKit\FuelGauge\AppNote\FUELGAUGEAppNote_MAIN_Ver1.ASM
             Debounce_RB1   0x001af0    program     static C:\DevKit\FuelGauge\AppNote\FUELGAUGEAppNote_MAIN_Ver1.ASM
               Closed_RB1   0x001b00    program     static C:\DevKit\FuelGauge\AppNote\FUELGAUGEAppNote_MAIN_Ver1.ASM
                 Open_RB1   0x001b02    program     static C:\DevKit\FuelGauge\AppNote\FUELGAUGEAppNote_MAIN_Ver1.ASM
             Debounce_RB2   0x001b04    program     static C:\DevKit\FuelGauge\AppNote\FUELGAUGEAppNote_MAIN_Ver1.ASM
               Closed_RB2   0x001b14    program     static C:\DevKit\FuelGauge\AppNote\FUELGAUGEAppNote_MAIN_Ver1.ASM
                 Open_RB2   0x001b16    program     static C:\DevKit\FuelGauge\AppNote\FUELGAUGEAppNote_MAIN_Ver1.ASM
             Debounce_RB4   0x001b18    program     static C:\DevKit\FuelGauge\AppNote\FUELGAUGEAppNote_MAIN_Ver1.ASM
               Closed_RB4   0x001b28    program     static C:\DevKit\FuelGauge\AppNote\FUELGAUGEAppNote_MAIN_Ver1.ASM
                 Open_RB4   0x001b2a    program     static C:\DevKit\FuelGauge\AppNote\FUELGAUGEAppNote_MAIN_Ver1.ASM
             Debounce_RB5   0x001b2c    program     static C:\DevKit\FuelGauge\AppNote\FUELGAUGEAppNote_MAIN_Ver1.ASM
               Closed_RB5   0x001b3c    program     static C:\DevKit\FuelGauge\AppNote\FUELGAUGEAppNote_MAIN_Ver1.ASM
                 Open_RB5   0x001b3e    program     static C:\DevKit\FuelGauge\AppNote\FUELGAUGEAppNote_MAIN_Ver1.ASM
             Debounce_RB6   0x001b40    program     static C:\DevKit\FuelGauge\AppNote\FUELGAUGEAppNote_MAIN_Ver1.ASM
               Closed_RB6   0x001b50    program     static C:\DevKit\FuelGauge\AppNote\FUELGAUGEAppNote_MAIN_Ver1.ASM
                 Open_RB6   0x001b52    program     static C:\DevKit\FuelGauge\AppNote\FUELGAUGEAppNote_MAIN_Ver1.ASM
             Debounce_RB7   0x001b54    program     static C:\DevKit\FuelGauge\AppNote\FUELGAUGEAppNote_MAIN_Ver1.ASM
               Closed_RB7   0x001b64    program     static C:\DevKit\FuelGauge\AppNote\FUELGAUGEAppNote_MAIN_Ver1.ASM
                 Open_RB7   0x001b66    program     static C:\DevKit\FuelGauge\AppNote\FUELGAUGEAppNote_MAIN_Ver1.ASM
                    Delay   0x001b68    program     static C:\DevKit\FuelGauge\AppNote\FUELGAUGEAppNote_MAIN_Ver1.ASM
                       D1   0x001b72    program     static C:\DevKit\FuelGauge\AppNote\FUELGAUGEAppNote_MAIN_Ver1.ASM
                       D2   0x001b78    program     static C:\DevKit\FuelGauge\AppNote\FUELGAUGEAppNote_MAIN_Ver1.ASM
        Convert_ADCvalues   0x001b82    program     static C:\DevKit\FuelGauge\AppNote\FUELGAUGEAppNote_MAIN_Ver1.ASM
        Its_PositiveSignA   0x001b94    program     static C:\DevKit\FuelGauge\AppNote\FUELGAUGEAppNote_MAIN_Ver1.ASM
        Its_NegativeSignA   0x001b9c    program     static C:\DevKit\FuelGauge\AppNote\FUELGAUGEAppNote_MAIN_Ver1.ASM
              Test_Bit16A   0x001ba2    program     static C:\DevKit\FuelGauge\AppNote\FUELGAUGEAppNote_MAIN_Ver1.ASM
          Display_Voltage   0x001bba    program     static C:\DevKit\FuelGauge\AppNote\FUELGAUGEAppNote_MAIN_Ver1.ASM
      Current_Measurement   0x001bde    program     static C:\DevKit\FuelGauge\AppNote\FUELGAUGEAppNote_MAIN_Ver1.ASM
            Set_Gain_1_U1   0x001bfc    program     static C:\DevKit\FuelGauge\AppNote\FUELGAUGEAppNote_MAIN_Ver1.ASM
            Set_Gain_2_U1   0x001c06    program     static C:\DevKit\FuelGauge\AppNote\FUELGAUGEAppNote_MAIN_Ver1.ASM
            Set_Gain_4_U1   0x001c10    program     static C:\DevKit\FuelGauge\AppNote\FUELGAUGEAppNote_MAIN_Ver1.ASM
            Set_Gain_8_U1   0x001c1a    program     static C:\DevKit\FuelGauge\AppNote\FUELGAUGEAppNote_MAIN_Ver1.ASM
         Now_WriteConf_U1   0x001c24    program     static C:\DevKit\FuelGauge\AppNote\FUELGAUGEAppNote_MAIN_Ver1.ASM
           Reading_ADC_U1   0x001c30    program     static C:\DevKit\FuelGauge\AppNote\FUELGAUGEAppNote_MAIN_Ver1.ASM
            Simulation_U1   0x001c38    program     static C:\DevKit\FuelGauge\AppNote\FUELGAUGEAppNote_MAIN_Ver1.ASM
               For_2_408v   0x001c38    program     static C:\DevKit\FuelGauge\AppNote\FUELGAUGEAppNote_MAIN_Ver1.ASM
               For_0587mV   0x001c4a    program     static C:\DevKit\FuelGauge\AppNote\FUELGAUGEAppNote_MAIN_Ver1.ASM
       skip_simulation_U1   0x001c58    program     static C:\DevKit\FuelGauge\AppNote\FUELGAUGEAppNote_MAIN_Ver1.ASM
     Its_Positive_Sign_U1   0x001c6a    program     static C:\DevKit\FuelGauge\AppNote\FUELGAUGEAppNote_MAIN_Ver1.ASM
     Its_Negative_Sign_U1   0x001c70    program     static C:\DevKit\FuelGauge\AppNote\FUELGAUGEAppNote_MAIN_Ver1.ASM
            Test_Bit16_U1   0x001c76    program     static C:\DevKit\FuelGauge\AppNote\FUELGAUGEAppNote_MAIN_Ver1.ASM
       testing_Divider_U1   0x001ca6    program     static C:\DevKit\FuelGauge\AppNote\FUELGAUGEAppNote_MAIN_Ver1.ASM
       Currents_byUsingU1   0x001ca6    program     static C:\DevKit\FuelGauge\AppNote\FUELGAUGEAppNote_MAIN_Ver1.ASM
          Display_Current   0x001cea    program     static C:\DevKit\FuelGauge\AppNote\FUELGAUGEAppNote_MAIN_Ver1.ASM
     Chk_BatIfLowerthan2V   0x001d1c    program     static C:\DevKit\FuelGauge\AppNote\FUELGAUGEAppNote_MAIN_Ver1.ASM
        CheckedLessThan2V   0x001d5a    program     static C:\DevKit\FuelGauge\AppNote\FUELGAUGEAppNote_MAIN_Ver1.ASM
      CheckedHigherThan2V   0x001d60    program     static C:\DevKit\FuelGauge\AppNote\FUELGAUGEAppNote_MAIN_Ver1.ASM
           CheckDonefor2V   0x001d62    program     static C:\DevKit\FuelGauge\AppNote\FUELGAUGEAppNote_MAIN_Ver1.ASM
  Chk_BatIfLowerthan0_75V   0x001d64    program     static C:\DevKit\FuelGauge\AppNote\FUELGAUGEAppNote_MAIN_Ver1.ASM
         Its_LessThan075V   0x001da4    program     static C:\DevKit\FuelGauge\AppNote\FUELGAUGEAppNote_MAIN_Ver1.ASM
        ItsHigherThan075V   0x001daa    program     static C:\DevKit\FuelGauge\AppNote\FUELGAUGEAppNote_MAIN_Ver1.ASM
       Disp_BatLessThan2V   0x001db0    program     static C:\DevKit\FuelGauge\AppNote\FUELGAUGEAppNote_MAIN_Ver1.ASM
       Disp_BatLessThan1V   0x001dca    program     static C:\DevKit\FuelGauge\AppNote\FUELGAUGEAppNote_MAIN_Ver1.ASM
       ChekIfWantRecharge   0x001de4    program     static C:\DevKit\FuelGauge\AppNote\FUELGAUGEAppNote_MAIN_Ver1.ASM
         Chk_sw1forCharge   0x001dfe    program     static C:\DevKit\FuelGauge\AppNote\FUELGAUGEAppNote_MAIN_Ver1.ASM
          NotWantToCharge   0x001e04    program     static C:\DevKit\FuelGauge\AppNote\FUELGAUGEAppNote_MAIN_Ver1.ASM
             sw1forCharge   0x001e06    program     static C:\DevKit\FuelGauge\AppNote\FUELGAUGEAppNote_MAIN_Ver1.ASM
             WantToCharge   0x001e0e    program     static C:\DevKit\FuelGauge\AppNote\FUELGAUGEAppNote_MAIN_Ver1.ASM
           Start_Charging   0x001e10    program     static C:\DevKit\FuelGauge\AppNote\FUELGAUGEAppNote_MAIN_Ver1.ASM
          RechargeBattery   0x001e10    program     static C:\DevKit\FuelGauge\AppNote\FUELGAUGEAppNote_MAIN_Ver1.ASM
       S1forReadyToCharge   0x001e3a    program     static C:\DevKit\FuelGauge\AppNote\FUELGAUGEAppNote_MAIN_Ver1.ASM
          ChargingBattery   0x001e44    program     static C:\DevKit\FuelGauge\AppNote\FUELGAUGEAppNote_MAIN_Ver1.ASM
           Still_Charging   0x001e4c    program     static C:\DevKit\FuelGauge\AppNote\FUELGAUGEAppNote_MAIN_Ver1.ASM
       CheckIfHigerThan4V   0x001e68    program     static C:\DevKit\FuelGauge\AppNote\FUELGAUGEAppNote_MAIN_Ver1.ASM
        Cont_ToChargeLoop   0x001e78    program     static C:\DevKit\FuelGauge\AppNote\FUELGAUGEAppNote_MAIN_Ver1.ASM
      Chk_forSWChargeStop   0x001e7e    program     static C:\DevKit\FuelGauge\AppNote\FUELGAUGEAppNote_MAIN_Ver1.ASM
          SwforChargeStop   0x001e88    program     static C:\DevKit\FuelGauge\AppNote\FUELGAUGEAppNote_MAIN_Ver1.ASM
              Charge_Done   0x001e94    program     static C:\DevKit\FuelGauge\AppNote\FUELGAUGEAppNote_MAIN_Ver1.ASM
            Stop_Charging   0x001ece    program     static C:\DevKit\FuelGauge\AppNote\FUELGAUGEAppNote_MAIN_Ver1.ASM
           ContinueToLoop   0x001ee4    program     static C:\DevKit\FuelGauge\AppNote\FUELGAUGEAppNote_MAIN_Ver1.ASM
        IsBatHigherThan4V   0x001ee6    program     static C:\DevKit\FuelGauge\AppNote\FUELGAUGEAppNote_MAIN_Ver1.ASM
           Its_LessThan4V   0x001f24    program     static C:\DevKit\FuelGauge\AppNote\FUELGAUGEAppNote_MAIN_Ver1.ASM
          ItsHigherThan4V   0x001f2a    program     static C:\DevKit\FuelGauge\AppNote\FUELGAUGEAppNote_MAIN_Ver1.ASM
            FuelGaugeInit   0x001f30    program     static C:\DevKit\FuelGauge\AppNote\FUELGAUGEAppNote_MAIN_Ver1.ASM
          Init_FuelValues   0x002000    program     static C:\DevKit\FuelGauge\AppNote\FUELGAUGEAppNote_MAIN_Ver1.ASM
                 bin48dec   0x002046    program     static C:\DevKit\FuelGauge\AppNote\FUELGAUGEAppNote_MAIN_Ver1.ASM
          Bin48_bcd_volts   0x002046    program     static C:\DevKit\FuelGauge\AppNote\FUELGAUGEAppNote_MAIN_Ver1.ASM
       Bin48_bcd_currents   0x002046    program     static C:\DevKit\FuelGauge\AppNote\FUELGAUGEAppNote_MAIN_Ver1.ASM
                   Tbitlp   0x002050    program     static C:\DevKit\FuelGauge\AppNote\FUELGAUGEAppNote_MAIN_Ver1.ASM
                   Tadjlp   0x00206a    program     static C:\DevKit\FuelGauge\AppNote\FUELGAUGEAppNote_MAIN_Ver1.ASM
                  Tclrdig   0x002086    program     static C:\DevKit\FuelGauge\AppNote\FUELGAUGEAppNote_MAIN_Ver1.ASM
               Buzzer_OFF   0x0020a4    program     extern C:\DevKit\FuelGauge\AppNote\FuelGauge_Buzzer.asm
                Buzzer_ON   0x0020ae    program     extern C:\DevKit\FuelGauge\AppNote\FuelGauge_Buzzer.asm
          Buzzer1p2KHz_ON   0x0020ca    program     extern C:\DevKit\FuelGauge\AppNote\FuelGauge_Buzzer.asm
          Buzzer1p1KHz_ON   0x0020e8    program     extern C:\DevKit\FuelGauge\AppNote\FuelGauge_Buzzer.asm
         BuzzerStartUp_ON   0x002104    program     extern C:\DevKit\FuelGauge\AppNote\FuelGauge_Buzzer.asm
     Buzzer1p1To1p5KHz_ON   0x002124    program     extern C:\DevKit\FuelGauge\AppNote\FuelGauge_Buzzer.asm
         ADC_Write_Config   0x002162    program     extern C:\DevKit\FuelGauge\AppNote\FuelGauge_ADC.asm
Address_bits_400KHz_write   0x002166    program     static C:\DevKit\FuelGauge\AppNote\FuelGauge_ADC.asm
           ItsForU1_write   0x00218e    program     static C:\DevKit\FuelGauge\AppNote\FuelGauge_ADC.asm
                Write_bit   0x002196    program     static C:\DevKit\FuelGauge\AppNote\FuelGauge_ADC.asm
       Send_Config_400KHz   0x0021ac    program     static C:\DevKit\FuelGauge\AppNote\FuelGauge_ADC.asm
          Conf_400KHz_Low   0x0021be    program     static C:\DevKit\FuelGauge\AppNote\FuelGauge_ADC.asm
          JumpConf_400KHz   0x0021c2    program     static C:\DevKit\FuelGauge\AppNote\FuelGauge_ADC.asm
          ADC_Read_400KHz   0x0021da    program     extern C:\DevKit\FuelGauge\AppNote\FuelGauge_ADC.asm
[...]
          U5_x2Voltage_G4   0x0026ac    program     static C:\DevKit\FuelGauge\AppNote\FuelGauge_MathLib.asm
          NotScaledBy2_G4   0x0026bc    program     static C:\DevKit\FuelGauge\AppNote\FuelGauge_MathLib.asm
               Its_Gain_8   0x0026cc    program     static C:\DevKit\FuelGauge\AppNote\FuelGauge_MathLib.asm
          U5_x2Voltage_G8   0x0026d2    program     static C:\DevKit\FuelGauge\AppNote\FuelGauge_MathLib.asm
          NotScaledBy2_G8   0x0026e2    program     static C:\DevKit\FuelGauge\AppNote\FuelGauge_MathLib.asm
           Start_Multiply   0x0026f2    program     static C:\DevKit\FuelGauge\AppNote\FuelGauge_MathLib.asm
        Multiply_3x3bytes   0x0026f2    program     extern C:\DevKit\FuelGauge\AppNote\FuelGauge_MathLib.asm
           ADD_LOOP_24x24   0x00270e    program     static C:\DevKit\FuelGauge\AppNote\FuelGauge_MathLib.asm
          SKIP_LOOP_24x24   0x00272c    program     static C:\DevKit\FuelGauge\AppNote\FuelGauge_MathLib.asm
        Divide_6by_3Bytes   0x002752    program     extern C:\DevKit\FuelGauge\AppNote\FuelGauge_MathLib.asm
                    dloop   0x002788    program     static C:\DevKit\FuelGauge\AppNote\FuelGauge_MathLib.asm
                    nochk   0x0027be    program     static C:\DevKit\FuelGauge\AppNote\FuelGauge_MathLib.asm
            nodec_remainM   0x0027da    program     static C:\DevKit\FuelGauge\AppNote\FuelGauge_MathLib.asm
                     nogo   0x0027f0    program     static C:\DevKit\FuelGauge\AppNote\FuelGauge_MathLib.asm
           Add_Two_6Bytes   0x002808    program     extern C:\DevKit\FuelGauge\AppNote\FuelGauge_MathLib.asm
                      ISR   0x002840    program     static C:\DevKit\FuelGauge\AppNote\FUELGAUGEAppNote_MAIN_Ver1.ASM
          CheckTIMER0_Int   0x002854    program     static C:\DevKit\FuelGauge\AppNote\FUELGAUGEAppNote_MAIN_Ver1.ASM
             CheckRBO_Int   0x002864    program     static C:\DevKit\FuelGauge\AppNote\FUELGAUGEAppNote_MAIN_Ver1.ASM
            RB0_Interrupt   0x002872    program     static C:\DevKit\FuelGauge\AppNote\FUELGAUGEAppNote_MAIN_Ver1.ASM
          Wait_RBOSW_done   0x00288a    program     static C:\DevKit\FuelGauge\AppNote\FUELGAUGEAppNote_MAIN_Ver1.ASM
        End_RB0_Interrupt   0x002894    program     static C:\DevKit\FuelGauge\AppNote\FUELGAUGEAppNote_MAIN_Ver1.ASM
            CheckINT1_Int   0x00289a    program     static C:\DevKit\FuelGauge\AppNote\FUELGAUGEAppNote_MAIN_Ver1.ASM
            RB1_Interrupt   0x0028a6    program     static C:\DevKit\FuelGauge\AppNote\FUELGAUGEAppNote_MAIN_Ver1.ASM
          Wait_RB1SW_done   0x0028bc    program     static C:\DevKit\FuelGauge\AppNote\FUELGAUGEAppNote_MAIN_Ver1.ASM
        End_RB1_Interrupt   0x0028c6    program     static C:\DevKit\FuelGauge\AppNote\FUELGAUGEAppNote_MAIN_Ver1.ASM
            CheckINT2_Int   0x0028d2    program     static C:\DevKit\FuelGauge\AppNote\FUELGAUGEAppNote_MAIN_Ver1.ASM
            RB2_Interrupt   0x0028e0    program     static C:\DevKit\FuelGauge\AppNote\FUELGAUGEAppNote_MAIN_Ver1.ASM
          Wait_RB2SW_done   0x0028fa    program     static C:\DevKit\FuelGauge\AppNote\FUELGAUGEAppNote_MAIN_Ver1.ASM
        End_RB2_Interrupt   0x002904    program     static C:\DevKit\FuelGauge\AppNote\FUELGAUGEAppNote_MAIN_Ver1.ASM
          CheckRB4567_Int   0x00290e    program     static C:\DevKit\FuelGauge\AppNote\FUELGAUGEAppNote_MAIN_Ver1.ASM
  CheckRB4567_6_Interrupt   0x00291a    program     static C:\DevKit\FuelGauge\AppNote\FUELGAUGEAppNote_MAIN_Ver1.ASM
     Wait_till_RB6SW_done   0x002932    program     static C:\DevKit\FuelGauge\AppNote\FUELGAUGEAppNote_MAIN_Ver1.ASM
        End_RB6_Interrupt   0x00293c    program     static C:\DevKit\FuelGauge\AppNote\FUELGAUGEAppNote_MAIN_Ver1.ASM
  CheckRB4567_7_Interrupt   0x002942    program     static C:\DevKit\FuelGauge\AppNote\FUELGAUGEAppNote_MAIN_Ver1.ASM
     Wait_till_RB7SW_done   0x00295a    program     static C:\DevKit\FuelGauge\AppNote\FUELGAUGEAppNote_MAIN_Ver1.ASM
        End_RB7_Interrupt   0x002964    program     static C:\DevKit\FuelGauge\AppNote\FUELGAUGEAppNote_MAIN_Ver1.ASM
  CheckRB4567_4_Interrupt   0x00296a    program     static C:\DevKit\FuelGauge\AppNote\FUELGAUGEAppNote_MAIN_Ver1.ASM
     Wait_till_RB4SW_done   0x002982    program     static C:\DevKit\FuelGauge\AppNote\FUELGAUGEAppNote_MAIN_Ver1.ASM
        End_RB4_Interrupt   0x00298c    program     static C:\DevKit\FuelGauge\AppNote\FUELGAUGEAppNote_MAIN_Ver1.ASM
  CheckRB4567_5_Interrupt   0x002992    program     static C:\DevKit\FuelGauge\AppNote\FUELGAUGEAppNote_MAIN_Ver1.ASM
     Wait_till_RB5SW_done   0x0029aa    program     static C:\DevKit\FuelGauge\AppNote\FUELGAUGEAppNote_MAIN_Ver1.ASM
        End_RB5_Interrupt   0x0029b4    program     static C:\DevKit\FuelGauge\AppNote\FUELGAUGEAppNote_MAIN_Ver1.ASM
                   Endisr   0x0029ba    program     static C:\DevKit\FuelGauge\AppNote\FUELGAUGEAppNote_MAIN_Ver1.ASM
                   bitcnt   0x000100       data     static C:\DevKit\FuelGauge\AppNote\FUELGAUGEAppNote_MAIN_Ver1.ASM
                   digcnt   0x000101       data     static C:\DevKit\FuelGauge\AppNote\FUELGAUGEAppNote_MAIN_Ver1.ASM
                  countT1   0x000102       data     static C:\DevKit\FuelGauge\AppNote\FUELGAUGEAppNote_MAIN_Ver1.ASM
                  countT2   0x000103       data     static C:\DevKit\FuelGauge\AppNote\FUELGAUGEAppNote_MAIN_Ver1.ASM
                  countT3   0x000104       data     static C:\DevKit\FuelGauge\AppNote\FUELGAUGEAppNote_MAIN_Ver1.ASM
                  countT4   0x000105       data     static C:\DevKit\FuelGauge\AppNote\FUELGAUGEAppNote_MAIN_Ver1.ASM
                  countT5   0x000106       data     static C:\DevKit\FuelGauge\AppNote\FUELGAUGEAppNote_MAIN_Ver1.ASM
                  countT6   0x000107       data     static C:\DevKit\FuelGauge\AppNote\FUELGAUGEAppNote_MAIN_Ver1.ASM
                  digitT1   0x000108       data     extern C:\DevKit\FuelGauge\AppNote\FUELGAUGEAppNote_MAIN_Ver1.ASM
                  digitT2   0x000109       data     extern C:\DevKit\FuelGauge\AppNote\FUELGAUGEAppNote_MAIN_Ver1.ASM
                  digitT3   0x00010a       data     extern C:\DevKit\FuelGauge\AppNote\FUELGAUGEAppNote_MAIN_Ver1.ASM
                  digitT4   0x00010b       data     extern C:\DevKit\FuelGauge\AppNote\FUELGAUGEAppNote_MAIN_Ver1.ASM
                  digitT5   0x00010c       data     extern C:\DevKit\FuelGauge\AppNote\FUELGAUGEAppNote_MAIN_Ver1.ASM
                  digitT6   0x00010d       data     extern C:\DevKit\FuelGauge\AppNote\FUELGAUGEAppNote_MAIN_Ver1.ASM
                  digitT7   0x00010e       data     extern C:\DevKit\FuelGauge\AppNote\FUELGAUGEAppNote_MAIN_Ver1.ASM
                  digitT8   0x00010f       data     extern C:\DevKit\FuelGauge\AppNote\FUELGAUGEAppNote_MAIN_Ver1.ASM
                  digitT9   0x000110       data     extern C:\DevKit\FuelGauge\AppNote\FUELGAUGEAppNote_MAIN_Ver1.ASM
                 digitT10   0x000111       data     extern C:\DevKit\FuelGauge\AppNote\FUELGAUGEAppNote_MAIN_Ver1.ASM
                 digitT11   0x000112       data     extern C:\DevKit\FuelGauge\AppNote\FUELGAUGEAppNote_MAIN_Ver1.ASM
                 digitT12   0x000113       data     extern C:\DevKit\FuelGauge\AppNote\FUELGAUGEAppNote_MAIN_Ver1.ASM
                 digitT13   0x000114       data     extern C:\DevKit\FuelGauge\AppNote\FUELGAUGEAppNote_MAIN_Ver1.ASM
           FoundFistDigit   0x000115       data     extern C:\DevKit\FuelGauge\AppNote\FUELGAUGEAppNote_MAIN_Ver1.ASM
                  ptr_pos   0x000116       data     static C:\DevKit\FuelGauge\AppNote\FUELGAUGEAppNote_MAIN_Ver1.ASM
                ptr_count   0x000117       data     static C:\DevKit\FuelGauge\AppNote\FUELGAUGEAppNote_MAIN_Ver1.ASM
                   temp_1   0x000118       data     static C:\DevKit\FuelGauge\AppNote\FUELGAUGEAppNote_MAIN_Ver1.ASM
                   temp_2   0x000119       data     static C:\DevKit\FuelGauge\AppNote\FUELGAUGEAppNote_MAIN_Ver1.ASM
                   temp_3   0x00011a       data     static C:\DevKit\FuelGauge\AppNote\FUELGAUGEAppNote_MAIN_Ver1.ASM
                 Product1   0x00011b       data     extern C:\DevKit\FuelGauge\AppNote\FUELGAUGEAppNote_MAIN_Ver1.ASM
                 Product2   0x00011c       data     extern C:\DevKit\FuelGauge\AppNote\FUELGAUGEAppNote_MAIN_Ver1.ASM
                 Product3   0x00011d       data     extern C:\DevKit\FuelGauge\AppNote\FUELGAUGEAppNote_MAIN_Ver1.ASM
                 Product4   0x00011e       data     extern C:\DevKit\FuelGauge\AppNote\FUELGAUGEAppNote_MAIN_Ver1.ASM
                 Product5   0x00011f       data     extern C:\DevKit\FuelGauge\AppNote\FUELGAUGEAppNote_MAIN_Ver1.ASM
                 Product6   0x000120       data     extern C:\DevKit\FuelGauge\AppNote\FUELGAUGEAppNote_MAIN_Ver1.ASM
              Multipland1   0x000121       data     extern C:\DevKit\FuelGauge\AppNote\FUELGAUGEAppNote_MAIN_Ver1.ASM
              Multipland2   0x000122       data     extern C:\DevKit\FuelGauge\AppNote\FUELGAUGEAppNote_MAIN_Ver1.ASM
              Multipland3   0x000123       data     extern C:\DevKit\FuelGauge\AppNote\FUELGAUGEAppNote_MAIN_Ver1.ASM
              Multiplier1   0x000124       data     extern C:\DevKit\FuelGauge\AppNote\FUELGAUGEAppNote_MAIN_Ver1.ASM
              Multiplier2   0x000127       data     extern C:\DevKit\FuelGauge\AppNote\FUELGAUGEAppNote_MAIN_Ver1.ASM
              Multiplier3   0x00012a       data     extern C:\DevKit\FuelGauge\AppNote\FUELGAUGEAppNote_MAIN_Ver1.ASM
               ADC_Value1   0x00012d       data     extern C:\DevKit\FuelGauge\AppNote\FUELGAUGEAppNote_MAIN_Ver1.ASM
               ADC_Value2   0x00012e       data     extern C:\DevKit\FuelGauge\AppNote\FUELGAUGEAppNote_MAIN_Ver1.ASM
               ADC_Value3   0x00012f       data     extern C:\DevKit\FuelGauge\AppNote\FUELGAUGEAppNote_MAIN_Ver1.ASM
          ADC_Value1_temp   0x000130       data     static C:\DevKit\FuelGauge\AppNote\FUELGAUGEAppNote_MAIN_Ver1.ASM
          ADC_Value2_temp   0x000131       data     static C:\DevKit\FuelGauge\AppNote\FUELGAUGEAppNote_MAIN_Ver1.ASM
          ADC_Value3_temp   0x000132       data     static C:\DevKit\FuelGauge\AppNote\FUELGAUGEAppNote_MAIN_Ver1.ASM
              Config_Data   0x000133       data     extern C:\DevKit\FuelGauge\AppNote\FUELGAUGEAppNote_MAIN_Ver1.ASM
           IsitForU5_Volt   0x000134       data     extern C:\DevKit\FuelGauge\AppNote\FUELGAUGEAppNote_MAIN_Ver1.ASM
                 ADC_Sign   0x000135       data     extern C:\DevKit\FuelGauge\AppNote\FUELGAUGEAppNote_MAIN_Ver1.ASM
            Gain_Selected   0x000136       data     extern C:\DevKit\FuelGauge\AppNote\FUELGAUGEAppNote_MAIN_Ver1.ASM
                Dividend1   0x000137       data     extern C:\DevKit\FuelGauge\AppNote\FUELGAUGEAppNote_MAIN_Ver1.ASM
                Dividend2   0x000138       data     extern C:\DevKit\FuelGauge\AppNote\FUELGAUGEAppNote_MAIN_Ver1.ASM
                Dividend3   0x000139       data     extern C:\DevKit\FuelGauge\AppNote\FUELGAUGEAppNote_MAIN_Ver1.ASM
                Dividend4   0x00013a       data     extern C:\DevKit\FuelGauge\AppNote\FUELGAUGEAppNote_MAIN_Ver1.ASM
                Dividend5   0x00013b       data     extern C:\DevKit\FuelGauge\AppNote\FUELGAUGEAppNote_MAIN_Ver1.ASM
                Dividend6   0x00013c       data     extern C:\DevKit\FuelGauge\AppNote\FUELGAUGEAppNote_MAIN_Ver1.ASM
                 Divisor1   0x00013d       data     extern C:\DevKit\FuelGauge\AppNote\FUELGAUGEAppNote_MAIN_Ver1.ASM
                 Divisor2   0x00013e       data     extern C:\DevKit\FuelGauge\AppNote\FUELGAUGEAppNote_MAIN_Ver1.ASM
                 Divisor3   0x00013f       data     extern C:\DevKit\FuelGauge\AppNote\FUELGAUGEAppNote_MAIN_Ver1.ASM
           Carry_AddTotal   0x000140       data     static C:\DevKit\FuelGauge\AppNote\FUELGAUGEAppNote_MAIN_Ver1.ASM
         Voltage_Dispayed   0x000141       data     static C:\DevKit\FuelGauge\AppNote\FUELGAUGEAppNote_MAIN_Ver1.ASM
                FSR0_TEMP   0x000142       data     static C:\DevKit\FuelGauge\AppNote\FUELGAUGEAppNote_MAIN_Ver1.ASM
              PCLATH_TEMP   0x000143       data     static C:\DevKit\FuelGauge\AppNote\FUELGAUGEAppNote_MAIN_Ver1.ASM
              STATUS_TEMP   0x000144       data     static C:\DevKit\FuelGauge\AppNote\FUELGAUGEAppNote_MAIN_Ver1.ASM
                   W_TEMP   0x000145       data     static C:\DevKit\FuelGauge\AppNote\FUELGAUGEAppNote_MAIN_Ver1.ASM
                 BSR_Temp   0x000146       data     static C:\DevKit\FuelGauge\AppNote\FUELGAUGEAppNote_MAIN_Ver1.ASM
         Timer0_Interrupt   0x000147       data     static C:\DevKit\FuelGauge\AppNote\FUELGAUGEAppNote_MAIN_Ver1.ASM
                 AddByteA   0x000148       data     extern C:\DevKit\FuelGauge\AppNote\FUELGAUGEAppNote_MAIN_Ver1.ASM
                 AddByteB   0x00014e       data     extern C:\DevKit\FuelGauge\AppNote\FUELGAUGEAppNote_MAIN_Ver1.ASM
            Carry_fromAdd   0x000154       data     extern C:\DevKit\FuelGauge\AppNote\FUELGAUGEAppNote_MAIN_Ver1.ASM
             Current_Used   0x000155       data     static C:\DevKit\FuelGauge\AppNote\FUELGAUGEAppNote_MAIN_Ver1.ASM
             I_remain_uAS   0x00015b       data     static C:\DevKit\FuelGauge\AppNote\FUELGAUGEAppNote_MAIN_Ver1.ASM
            I_remain_mAH1   0x000161       data     static C:\DevKit\FuelGauge\AppNote\FUELGAUGEAppNote_MAIN_Ver1.ASM
            I_remain_mAH2   0x000162       data     static C:\DevKit\FuelGauge\AppNote\FUELGAUGEAppNote_MAIN_Ver1.ASM
            I_remain_mAH3   0x000163       data     static C:\DevKit\FuelGauge\AppNote\FUELGAUGEAppNote_MAIN_Ver1.ASM
            I_remain_mAH4   0x000164       data     static C:\DevKit\FuelGauge\AppNote\FUELGAUGEAppNote_MAIN_Ver1.ASM
            I_remain_mAH5   0x000165       data     static C:\DevKit\FuelGauge\AppNote\FUELGAUGEAppNote_MAIN_Ver1.ASM
            I_remain_mAH6   0x000166       data     static C:\DevKit\FuelGauge\AppNote\FUELGAUGEAppNote_MAIN_Ver1.ASM
              I_Init1_mAH   0x000167       data     static C:\DevKit\FuelGauge\AppNote\FUELGAUGEAppNote_MAIN_Ver1.ASM
              I_Init2_mAH   0x000168       data     static C:\DevKit\FuelGauge\AppNote\FUELGAUGEAppNote_MAIN_Ver1.ASM
              I_Init3_mAH   0x000169       data     static C:\DevKit\FuelGauge\AppNote\FUELGAUGEAppNote_MAIN_Ver1.ASM
              I_Init4_mAH   0x00016a       data     static C:\DevKit\FuelGauge\AppNote\FUELGAUGEAppNote_MAIN_Ver1.ASM
              I_Init5_mAH   0x00016b       data     static C:\DevKit\FuelGauge\AppNote\FUELGAUGEAppNote_MAIN_Ver1.ASM
              I_Init6_mAH   0x00016c       data     static C:\DevKit\FuelGauge\AppNote\FUELGAUGEAppNote_MAIN_Ver1.ASM
               I_Init_uAS   0x00016d       data     static C:\DevKit\FuelGauge\AppNote\FUELGAUGEAppNote_MAIN_Ver1.ASM
            Disp_FuelUsed   0x000173       data     static C:\DevKit\FuelGauge\AppNote\FUELGAUGEAppNote_MAIN_Ver1.ASM
          Disp_RemainFuel   0x000174       data     static C:\DevKit\FuelGauge\AppNote\FUELGAUGEAppNote_MAIN_Ver1.ASM
             RB0Int_Found   0x000175       data     static C:\DevKit\FuelGauge\AppNote\FUELGAUGEAppNote_MAIN_Ver1.ASM
            SelBettryType   0x000176       data     static C:\DevKit\FuelGauge\AppNote\FUELGAUGEAppNote_MAIN_Ver1.ASM
           Delay_Returned   0x000177       data     static C:\DevKit\FuelGauge\AppNote\FUELGAUGEAppNote_MAIN_Ver1.ASM
                    OUTER   0x000178       data     static C:\DevKit\FuelGauge\AppNote\FUELGAUGEAppNote_MAIN_Ver1.ASM
                    INNER   0x000179       data     static C:\DevKit\FuelGauge\AppNote\FUELGAUGEAppNote_MAIN_Ver1.ASM
           PORTBInt_Found   0x00017a       data     static C:\DevKit\FuelGauge\AppNote\FUELGAUGEAppNote_MAIN_Ver1.ASM
              ChargingBat   0x00017b       data     static C:\DevKit\FuelGauge\AppNote\FUELGAUGEAppNote_MAIN_Ver1.ASM
             FirstPowered   0x00017c       data     static C:\DevKit\FuelGauge\AppNote\FUELGAUGEAppNote_MAIN_Ver1.ASM
            LessThan1or2V   0x00017d       data     static C:\DevKit\FuelGauge\AppNote\FUELGAUGEAppNote_MAIN_Ver1.ASM
           LowerThan0_75V   0x00017e       data     static C:\DevKit\FuelGauge\AppNote\FUELGAUGEAppNote_MAIN_Ver1.ASM
             HigherThan4V   0x00017f       data     static C:\DevKit\FuelGauge\AppNote\FUELGAUGEAppNote_MAIN_Ver1.ASM
            NotChargedBat   0x000180       data     static C:\DevKit\FuelGauge\AppNote\FUELGAUGEAppNote_MAIN_Ver1.ASM
                  COUNTER   0x000181       data     static C:\DevKit\FuelGauge\AppNote\FuelGauge_Write_LCD.ASM
                    delay   0x000182       data     static C:\DevKit\FuelGauge\AppNote\FuelGauge_Write_LCD.ASM
                  temp_wr   0x000183       data     extern C:\DevKit\FuelGauge\AppNote\FuelGauge_Write_LCD.ASM
                  temp_rd   0x000184       data     static C:\DevKit\FuelGauge\AppNote\FuelGauge_Write_LCD.ASM
            SubtractByteA   0x000185       data     extern C:\DevKit\FuelGauge\AppNote\FuelGauge_MathLib.asm
            SubtractByteB   0x00018b       data     extern C:\DevKit\FuelGauge\AppNote\FuelGauge_MathLib.asm
                 BitCount   0x000191       data     static C:\DevKit\FuelGauge\AppNote\FuelGauge_MathLib.asm
                   Shift1   0x000192       data     static C:\DevKit\FuelGauge\AppNote\FuelGauge_MathLib.asm
                   Shift2   0x000193       data     static C:\DevKit\FuelGauge\AppNote\FuelGauge_MathLib.asm
                   Shift3   0x000194       data     static C:\DevKit\FuelGauge\AppNote\FuelGauge_MathLib.asm
                   Shift4   0x000195       data     static C:\DevKit\FuelGauge\AppNote\FuelGauge_MathLib.asm
                   Shift5   0x000196       data     static C:\DevKit\FuelGauge\AppNote\FuelGauge_MathLib.asm
                   Shift6   0x000197       data     static C:\DevKit\FuelGauge\AppNote\FuelGauge_MathLib.asm
                     Rem1   0x000198       data     static C:\DevKit\FuelGauge\AppNote\FuelGauge_MathLib.asm
                     Rem2   0x000199       data     static C:\DevKit\FuelGauge\AppNote\FuelGauge_MathLib.asm
                     Rem3   0x00019a       data     static C:\DevKit\FuelGauge\AppNote\FuelGauge_MathLib.asm
                    Count   0x00019b       data     static C:\DevKit\FuelGauge\AppNote\FuelGauge_MathLib.asm
                      LSD   0x00019c       data     extern C:\DevKit\FuelGauge\AppNote\Binary_To_BCDConversion.asm
                      MsD   0x00019d       data     extern C:\DevKit\FuelGauge\AppNote\Binary_To_BCDConversion.asm
                      MSD   0x00019e       data     extern C:\DevKit\FuelGauge\AppNote\Binary_To_BCDConversion.asm
                     NumH   0x00019f       data     static C:\DevKit\FuelGauge\AppNote\Binary_To_BCDConversion.asm
                     NumL   0x0001a0       data     static C:\DevKit\FuelGauge\AppNote\Binary_To_BCDConversion.asm
                     TenK   0x0001a1       data     static C:\DevKit\FuelGauge\AppNote\Binary_To_BCDConversion.asm
                     Thou   0x0001a2       data     static C:\DevKit\FuelGauge\AppNote\Binary_To_BCDConversion.asm
                     Hund   0x0001a3       data     static C:\DevKit\FuelGauge\AppNote\Binary_To_BCDConversion.asm
                     Tens   0x0001a4       data     static C:\DevKit\FuelGauge\AppNote\Binary_To_BCDConversion.asm
                     Ones   0x0001a5       data     static C:\DevKit\FuelGauge\AppNote\Binary_To_BCDConversion.asm
                 ACK_Flag   0x0001a6       data     static C:\DevKit\FuelGauge\AppNote\FuelGauge_ADC.asm
             ReadyBitFlag   0x0001a7       data     static C:\DevKit\FuelGauge\AppNote\FuelGauge_ADC.asm
               COUNT_Bits   0x0001a8       data     static C:\DevKit\FuelGauge\AppNote\FuelGauge_ADC.asm
               COUNT_Byte   0x0001a9       data     static C:\DevKit\FuelGauge\AppNote\FuelGauge_ADC.asm


