   1               		.file	"MezclaCasm.c"
   2               	__SREG__ = 0x3f
   3               	__SP_H__ = 0x3e
   4               	__SP_L__ = 0x3d
   5               	__CCP__  = 0x34
   6               	__tmp_reg__ = 0
   7               	__zero_reg__ = 1
  15               	.Ltext0:
  16               	.global	main
  18               	main:
  19               	.LFB2:
  20               	.LM1:
  21 0000 1F93      		push r17
  22               	/* prologue: function */
  23               	/* frame size = 0 */
  24               	.LM2:
  25 0002 81E0      		ldi r24,lo8(1)
  26 0004 8093 0000 		sts pinbits,r24
  27               	.LM3:
  28 0008 00D0      		rcall InitPort
  29               	.LM4:
  30 000a 11E0      		ldi r17,lo8(1)
  31               	.L2:
  32 000c 1093 0000 		sts pinbits,r17
  33               	.LM5:
  34 0010 00D0      		rcall sendpinbits
  35               	.LM6:
  36 0012 1092 0000 		sts pinbits,__zero_reg__
  37               	.LM7:
  38 0016 00D0      		rcall sendpinbits
  39 0018 00C0      		rjmp .L2
  40               	.LFE2:
  42               		.comm pinbits,1,1
  67               	.Letext0:
DEFINED SYMBOLS
                            *ABS*:00000000 MezclaCasm.c
C:\Windows\Temp/ccMqiWuY.s:2      *ABS*:0000003f __SREG__
C:\Windows\Temp/ccMqiWuY.s:3      *ABS*:0000003e __SP_H__
C:\Windows\Temp/ccMqiWuY.s:4      *ABS*:0000003d __SP_L__
C:\Windows\Temp/ccMqiWuY.s:5      *ABS*:00000034 __CCP__
C:\Windows\Temp/ccMqiWuY.s:6      *ABS*:00000000 __tmp_reg__
C:\Windows\Temp/ccMqiWuY.s:7      *ABS*:00000001 __zero_reg__
C:\Windows\Temp/ccMqiWuY.s:18     .text:00000000 main
                            *COM*:00000001 pinbits

UNDEFINED SYMBOLS
InitPort
sendpinbits
__do_clear_bss
